Archive member included to satisfy reference by file (symbol)

app/libapp.a(main.c.obj)      (--whole-archive)
app/libapp.a(rotary_encoder.c.obj)
                              (--whole-archive)
zephyr/libzephyr.a(cbprintf_packaged.c.obj)
                              (--whole-archive)
zephyr/libzephyr.a(dec.c.obj)
                              (--whole-archive)
zephyr/libzephyr.a(fdtable.c.obj)
                              (--whole-archive)
zephyr/libzephyr.a(hex.c.obj)
                              (--whole-archive)
zephyr/libzephyr.a(printk.c.obj)
                              (--whole-archive)
zephyr/libzephyr.a(rb.c.obj)  (--whole-archive)
zephyr/libzephyr.a(sem.c.obj)
                              (--whole-archive)
zephyr/libzephyr.a(thread_entry.c.obj)
                              (--whole-archive)
zephyr/libzephyr.a(timeutil.c.obj)
                              (--whole-archive)
zephyr/libzephyr.a(heap.c.obj)
                              (--whole-archive)
zephyr/libzephyr.a(heap-validate.c.obj)
                              (--whole-archive)
zephyr/libzephyr.a(bitarray.c.obj)
                              (--whole-archive)
zephyr/libzephyr.a(multi_heap.c.obj)
                              (--whole-archive)
zephyr/libzephyr.a(onoff.c.obj)
                              (--whole-archive)
zephyr/libzephyr.a(notify.c.obj)
                              (--whole-archive)
zephyr/libzephyr.a(cbprintf_complete.c.obj)
                              (--whole-archive)
zephyr/libzephyr.a(cbprintf.c.obj)
                              (--whole-archive)
zephyr/libzephyr.a(assert.c.obj)
                              (--whole-archive)
zephyr/libzephyr.a(mpsc_pbuf.c.obj)
                              (--whole-archive)
zephyr/libzephyr.a(reboot.c.obj)
                              (--whole-archive)
zephyr/libzephyr.a(configs.c.obj)
                              (--whole-archive)
zephyr/libzephyr.a(soc_nrf_common.S.obj)
                              (--whole-archive)
zephyr/libzephyr.a(validate_base_addresses.c.obj)
                              (--whole-archive)
zephyr/libzephyr.a(validate_enabled_instances.c.obj)
                              (--whole-archive)
zephyr/libzephyr.a(log_core.c.obj)
                              (--whole-archive)
zephyr/libzephyr.a(log_mgmt.c.obj)
                              (--whole-archive)
zephyr/libzephyr.a(log_cache.c.obj)
                              (--whole-archive)
zephyr/libzephyr.a(log_msg.c.obj)
                              (--whole-archive)
zephyr/libzephyr.a(log_output.c.obj)
                              (--whole-archive)
zephyr/libzephyr.a(log_backend_rtt.c.obj)
                              (--whole-archive)
zephyr/libzephyr.a(tracing_none.c.obj)
                              (--whole-archive)
zephyr/libzephyr.a(nrf_cc3xx_platform_abort_zephyr.c.obj)
                              (--whole-archive)
zephyr/libzephyr.a(nrf_cc3xx_platform_mutex_zephyr.c.obj)
                              (--whole-archive)
zephyr/arch/common/libarch__common.a(sw_isr_common.c.obj)
                              (--whole-archive)
zephyr/arch/arch/arm/core/aarch32/libarch__arm__core__aarch32.a(cpu_idle.S.obj)
                              (--whole-archive)
zephyr/arch/arch/arm/core/aarch32/libarch__arm__core__aarch32.a(fatal.c.obj)
                              (--whole-archive)
zephyr/arch/arch/arm/core/aarch32/libarch__arm__core__aarch32.a(irq_manage.c.obj)
                              (--whole-archive)
zephyr/arch/arch/arm/core/aarch32/libarch__arm__core__aarch32.a(nmi.c.obj)
                              (--whole-archive)
zephyr/arch/arch/arm/core/aarch32/libarch__arm__core__aarch32.a(nmi_on_reset.S.obj)
                              (--whole-archive)
zephyr/arch/arch/arm/core/aarch32/libarch__arm__core__aarch32.a(prep_c.c.obj)
                              (--whole-archive)
zephyr/arch/arch/arm/core/aarch32/libarch__arm__core__aarch32.a(swap.c.obj)
                              (--whole-archive)
zephyr/arch/arch/arm/core/aarch32/libarch__arm__core__aarch32.a(swap_helper.S.obj)
                              (--whole-archive)
zephyr/arch/arch/arm/core/aarch32/libarch__arm__core__aarch32.a(thread.c.obj)
                              (--whole-archive)
zephyr/arch/arch/arm/core/aarch32/libarch__arm__core__aarch32.a(isr_wrapper.S.obj)
                              (--whole-archive)
zephyr/arch/arch/arm/core/aarch32/cortex_m/libarch__arm__core__aarch32__cortex_m.a(exc_exit.S.obj)
                              (--whole-archive)
zephyr/arch/arch/arm/core/aarch32/cortex_m/libarch__arm__core__aarch32__cortex_m.a(fault.c.obj)
                              (--whole-archive)
zephyr/arch/arch/arm/core/aarch32/cortex_m/libarch__arm__core__aarch32__cortex_m.a(fault_s.S.obj)
                              (--whole-archive)
zephyr/arch/arch/arm/core/aarch32/cortex_m/libarch__arm__core__aarch32__cortex_m.a(fpu.c.obj)
                              (--whole-archive)
[...]
Memory Configuration

Name             Origin             Length             Attributes
FLASH            0x0000000000000000 0x0000000000100000 xr
RAM              0x0000000020000000 0x0000000000040000 xw
IDT_LIST         0x00000000fffff7ff 0x0000000000000800 xw
*default*        0x0000000000000000 0xffffffffffffffff

Linker script and memory map

LOAD zephyr/CMakeFiles/zephyr_final.dir/misc/empty_file.c.obj
LOAD zephyr/CMakeFiles/zephyr_final.dir/isr_tables.c.obj
LOAD app/libapp.a
LOAD zephyr/libzephyr.a
LOAD zephyr/arch/common/libarch__common.a
LOAD zephyr/arch/arch/arm/core/aarch32/libarch__arm__core__aarch32.a
LOAD zephyr/arch/arch/arm/core/aarch32/cortex_m/libarch__arm__core__aarch32__cortex_m.a
LOAD zephyr/arch/arch/arm/core/aarch32/mpu/libarch__arm__core__aarch32__mpu.a
LOAD zephyr/lib/libc/newlib/liblib__libc__newlib.a
LOAD zephyr/lib/libc/common/liblib__libc__common.a
LOAD zephyr/soc/soc/arm/common/cortex_m/libsoc__arm__common__cortex_m.a
LOAD zephyr/soc/soc/arm/nordic_nrf/nrf52/libsoc__arm__nordic_nrf__nrf52.a
LOAD zephyr/drivers/clock_control/libdrivers__clock_control.a
LOAD zephyr/drivers/console/libdrivers__console.a
LOAD zephyr/drivers/gpio/libdrivers__gpio.a
LOAD zephyr/drivers/i2c/libdrivers__i2c.a
LOAD zephyr/drivers/pinctrl/libdrivers__pinctrl.a
LOAD zephyr/drivers/serial/libdrivers__serial.a
LOAD zephyr/drivers/timer/libdrivers__timer.a
LOAD modules/nrf/lib/fatal_error/lib..__nrf__lib__fatal_error.a
LOAD modules/nrf/drivers/hw_cc310/lib..__nrf__drivers__hw_cc310.a
LOAD modules/hal_nordic/nrfx/libmodules__hal_nordic__nrfx.a
LOAD modules/segger/libmodules__segger.a
LOAD zephyr/kernel/libkernel.a
LOAD zephyr/CMakeFiles/offsets.dir/./arch/arm/core/offsets/offsets.c.obj
LOAD /home/abdullah/ncs/toolchains/7795df4459/opt/zephyr-sdk/arm-zephyr-eabi/bin/../lib/gcc/arm-zephyr-eabi/12.2.0/thumb/v7e-m+fp/hard/libgcc.a
LOAD zephyr/arch/common/libisr_tables.a
LOAD /home/abdullah/ncs/toolchains/7795df4459/opt/zephyr-sdk/arm-zephyr-eabi/arm-zephyr-eabi/lib/thumb/v7e-m+fp/hard/libm_nano.a
LOAD /home/abdullah/ncs/toolchains/7795df4459/opt/zephyr-sdk/arm-zephyr-eabi/arm-zephyr-eabi/lib/thumb/v7e-m+fp/hard/libc_nano.a
LOAD /home/abdullah/ncs/toolchains/7795df4459/opt/zephyr-sdk/arm-zephyr-eabi/bin/../lib/gcc/arm-zephyr-eabi/12.2.0/thumb/v7e-m+fp/hard/libgcc.a
LOAD /home/abdullah/ncs/toolchains/7795df4459/opt/zephyr-sdk/arm-zephyr-eabi/arm-zephyr-eabi/lib/thumb/v7e-m+fp/hard/libc_nano.a
LOAD /home/abdullah/ncs/v2.5.0/nrfxlib/crypto/nrf_cc310_platform/lib/cortex-m4/hard-float/no-interrupts/libnrf_cc310_platform_0.9.18.a
LOAD /home/abdullah/ncs/toolchains/7795df4459/opt/zephyr-sdk/arm-zephyr-eabi/arm-zephyr-eabi/lib/thumb/v7e-m+fp/hard/libc_nano.a
                0x0000000000000020                _region_min_align = 0x20

.rel.plt        0x0000000000000000        0x0
 *(SORT_BY_ALIGNMENT(.rel.plt))
                [!provide]                        PROVIDE (__rel_iplt_start = .)
 *(SORT_BY_ALIGNMENT(.rel.iplt))
 .rel.iplt      0x0000000000000000        0x0 zephyr/CMakeFiles/zephyr_final.dir/isr_tables.c.obj
                [!provide]                        PROVIDE (__rel_iplt_end = .)

.rela.plt       0x0000000000000000        0x0
 *(SORT_BY_ALIGNMENT(.rela.plt))
                [!provide]                        PROVIDE (__rela_iplt_start = .)
 *(SORT_BY_ALIGNMENT(.rela.iplt))
                [!provide]                        PROVIDE (__rela_iplt_end = .)

.rel.dyn
 *(SORT_BY_ALIGNMENT(.rel.*))

.rela.dyn
 *(SORT_BY_ALIGNMENT(.rela.*))

/DISCARD/
 *(SORT_BY_ALIGNMENT(.plt))

/DISCARD/
 *(SORT_BY_ALIGNMENT(.iplt))
                0x0000000000000000                __rom_region_start = 0x0

rom_start       0x0000000000000000      0x100
                0x0000000000000000                __rom_start_address = .
                0x0000000000000000                . = (. + (0x0 - (. - __rom_start_address)))
                0x0000000000000000                . = ALIGN (0x4)
                0x0000000000000000                . = ALIGN (0x80)
                0x0000000000000000                . = ALIGN (0x100)
                0x0000000000000000                _vector_start = .
 *(SORT_BY_ALIGNMENT(.exc_vector_table))
 *(SORT_BY_ALIGNMENT(.exc_vector_table.*))
 .exc_vector_table._vector_table_section
                0x0000000000000000       0x40 zephyr/arch/arch/arm/core/aarch32/cortex_m/libarch__arm__core__aarch32__cortex_m.a(vector_table.S.obj)
                0x0000000000000000                _vector_table
 *(SORT_BY_ALIGNMENT(.vectors))
                0x0000000000000100                _vector_end = .
                0x0000000000000040                . = ALIGN (0x4)
 *(SORT_BY_ALIGNMENT(.gnu.linkonce.irq_vector_table*))
 .gnu.linkonce.irq_vector_table
                0x0000000000000040       0xc0 zephyr/CMakeFiles/zephyr_final.dir/isr_tables.c.obj
                0x0000000000000040                _irq_vector_table
                0x0000000000000100                _vector_end = .

text            0x0000000000000100     0x8340
                0x0000000000000100                __text_region_start = .
 *(SORT_BY_ALIGNMENT(.text))
 .text          0x0000000000000100       0x30 /home/abdullah/ncs/toolchains/7795df4459/opt/zephyr-sdk/arm-zephyr-eabi/bin/../lib/gcc/arm-zephyr-eabi/12.2.0/thumb/v7e-m+fp/hard/libgcc.a(_aeabi_uldivmod.o)
                0x0000000000000100                __aeabi_uldivmod
 .text          0x0000000000000130        0x4 /home/abdullah/ncs/toolchains/7795df4459/opt/zephyr-sdk/arm-zephyr-eabi/bin/../lib/gcc/arm-zephyr-eabi/12.2.0/thumb/v7e-m+fp/hard/libgcc.a(_dvmd_tls.o)
                0x0000000000000130                __aeabi_ldiv0
                0x0000000000000130                __aeabi_idiv0
 .text          0x0000000000000134      0x2a0 /home/abdullah/ncs/toolchains/7795df4459/opt/zephyr-sdk/arm-zephyr-eabi/bin/../lib/gcc/arm-zephyr-eabi/12.2.0/thumb/v7e-m+fp/hard/libgcc.a(_udivmoddi4.o)
                0x0000000000000134                __udivmoddi4
 .text          0x00000000000003d4       0x10 /home/abdullah/ncs/toolchains/7795df4459/opt/zephyr-sdk/arm-zephyr-eabi/arm-zephyr-eabi/lib/thumb/v7e-m+fp/hard/libc_nano.a(lib_a-strlen.o)
                0x00000000000003d4                strlen
 *(SORT_BY_ALIGNMENT(.text.*))
 *fill*         0x00000000000003e4        0x4 
 .text.z_cbvprintf_impl
                0x00000000000003e8      0xcd8 zephyr/libzephyr.a(cbprintf_complete.c.obj)
                0x00000000000003e8                z_cbvprintf_impl
 .text.main     0x00000000000010c0       0xac app/libapp.a(main.c.obj)
                0x00000000000010c0                main
 .text.i2c_transfer.constprop.0
                0x000000000000116c       0x1c app/libapp.a(rotary_encoder.c.obj)
 .text.rot_encoder_init
                0x0000000000001188       0x9c app/libapp.a(rotary_encoder.c.obj)
                0x0000000000001188                rot_encoder_init
 .text.enable_encoder_interrupt
                0x0000000000001224       0x58 app/libapp.a(rotary_encoder.c.obj)
                0x0000000000001224                enable_encoder_interrupt
 .text.enable_button_interrupts
                0x000000000000127c       0x54 app/libapp.a(rotary_encoder.c.obj)
                0x000000000000127c                enable_button_interrupts
 .text.cbvprintf_package
                0x00000000000012d0      0x3a4 zephyr/libzephyr.a(cbprintf_packaged.c.obj)
                0x00000000000012d0                cbvprintf_package
 .text.cbprintf_package_convert
                0x0000000000001674      0x3b0 zephyr/libzephyr.a(cbprintf_packaged.c.obj)
                0x0000000000001674                cbprintf_package_convert
 .text.__printk_hook_install
                0x0000000000001a24        0xc zephyr/libzephyr.a(printk.c.obj)
                0x0000000000001a24                __printk_hook_install
 .text.vsnprintk
                0x0000000000001a30       0x2c zephyr/libzephyr.a(printk.c.obj)
                0x0000000000001a30                vsnprintk
 .text.process_event
                0x0000000000001a5c      0x21c zephyr/libzephyr.a(onoff.c.obj)
 .text.extract_decimal
                0x0000000000001c78       0x2c zephyr/libzephyr.a(cbprintf_complete.c.obj)
 .text.encode_uint
                0x0000000000001ca4       0x98 zephyr/libzephyr.a(cbprintf_complete.c.obj)
 .text.sys_reboot
                0x0000000000001d3c       0x30 zephyr/libzephyr.a(reboot.c.obj)
                0x0000000000001d3c                sys_reboot
 .text.z_arm_platform_init
                0x0000000000001d6c        0x4 zephyr/libzephyr.a(soc_nrf_common.S.obj)
                0x0000000000001d6c                z_arm_platform_init
 .text.activate_foreach_backend
                0x0000000000001d70       0x64 zephyr/libzephyr.a(log_core.c.obj)
 .text.enable_logger
                0x0000000000001dd4       0x5c zephyr/libzephyr.a(log_core.c.obj)
 .text.log_process_thread_timer_expiry_fn
                0x0000000000001e30        0xc zephyr/libzephyr.a(log_core.c.obj)
 .text.z_log_init
                0x0000000000001e3c       0x90 zephyr/libzephyr.a(log_core.c.obj)
 .text.log_format_func_t_get
                0x0000000000001ecc        0xc zephyr/libzephyr.a(log_core.c.obj)
                0x0000000000001ecc                log_format_func_t_get
 .text.log_set_timestamp_func
                0x0000000000001ed8       0x20 zephyr/libzephyr.a(log_core.c.obj)
                0x0000000000001ed8                log_set_timestamp_func
 .text.z_log_notify_backend_enabled
                0x0000000000001ef8       0x1c zephyr/libzephyr.a(log_core.c.obj)
                0x0000000000001ef8                z_log_notify_backend_enabled
 .text.z_log_dropped
                0x0000000000001f14       0x30 zephyr/libzephyr.a(log_core.c.obj)
                0x0000000000001f14                z_log_dropped
 .text.z_log_dropped_read_and_clear
                0x0000000000001f44       0x20 zephyr/libzephyr.a(log_core.c.obj)
                0x0000000000001f44                z_log_dropped_read_and_clear
 .text.dropped_notify
                0x0000000000001f64       0x30 zephyr/libzephyr.a(log_core.c.obj)
                0x0000000000001f64                dropped_notify
 .text.z_log_msg_init
                0x0000000000001f94       0x20 zephyr/libzephyr.a(log_core.c.obj)
                0x0000000000001f94                z_log_msg_init
 .text.log_core_init
                0x0000000000001fb4       0x34 zephyr/libzephyr.a(log_core.c.obj)
                0x0000000000001fb4                log_core_init
 .text.z_log_msg_alloc
                0x0000000000001fe8       0x10 zephyr/libzephyr.a(log_core.c.obj)
                0x0000000000001fe8                z_log_msg_alloc
 .text.z_log_msg_local_claim
                0x0000000000001ff8        0xc zephyr/libzephyr.a(log_core.c.obj)
                0x0000000000001ff8                z_log_msg_local_claim
 .text.z_log_msg_free
                0x0000000000002004       0x10 zephyr/libzephyr.a(log_core.c.obj)
                0x0000000000002004                z_log_msg_free
 .text.z_log_msg_pending
                0x0000000000002014        0xc zephyr/libzephyr.a(log_core.c.obj)
                0x0000000000002014                z_log_msg_pending
 .text.z_impl_log_process
                0x0000000000002020       0xbc zephyr/libzephyr.a(log_core.c.obj)
                0x0000000000002020                z_impl_log_process
 .text.z_impl_log_panic
                0x00000000000020dc       0x44 zephyr/libzephyr.a(log_core.c.obj)
                0x00000000000020dc                z_impl_log_panic
 .text.log_process_thread_func
                0x0000000000002120       0x9c zephyr/libzephyr.a(log_core.c.obj)
 .text.z_log_msg_post_finalize
                0x00000000000021bc       0x78 zephyr/libzephyr.a(log_core.c.obj)
 .text.z_log_msg_commit
                0x0000000000002234       0x24 zephyr/libzephyr.a(log_core.c.obj)
                0x0000000000002234                z_log_msg_commit
 .text.log_source_name_get
                0x0000000000002258       0x1c zephyr/libzephyr.a(log_mgmt.c.obj)
                0x0000000000002258                log_source_name_get
 .text.log_backend_enable
                0x0000000000002274       0x28 zephyr/libzephyr.a(log_mgmt.c.obj)
                0x0000000000002274                log_backend_enable
 .text.z_impl_z_log_msg_static_create
                0x000000000000229c      0x108 zephyr/libzephyr.a(log_msg.c.obj)
                0x000000000000229c                z_impl_z_log_msg_static_create
 .text.z_impl_z_log_msg_runtime_vcreate
                0x00000000000023a4       0x8c zephyr/libzephyr.a(log_msg.c.obj)
                0x00000000000023a4                z_impl_z_log_msg_runtime_vcreate
 .text.print_formatted
                0x0000000000002430       0x24 zephyr/libzephyr.a(log_output.c.obj)
 .text.newline_print
                0x0000000000002454       0x1c zephyr/libzephyr.a(log_output.c.obj)
 .text.log_output_process
                0x0000000000002470      0x2a8 zephyr/libzephyr.a(log_output.c.obj)
                0x0000000000002470                log_output_process
 .text.log_output_msg_process
                0x0000000000002718       0x70 zephyr/libzephyr.a(log_output.c.obj)
                0x0000000000002718                log_output_msg_process
 .text.log_output_dropped_process
                0x0000000000002788       0x58 zephyr/libzephyr.a(log_output.c.obj)
                0x0000000000002788                log_output_dropped_process
 .text.log_output_timestamp_freq_set
                0x00000000000027e0       0x2c zephyr/libzephyr.a(log_output.c.obj)
                0x00000000000027e0                log_output_timestamp_freq_set
 .text.log_backend_rtt_init
                0x000000000000280c        0xc zephyr/libzephyr.a(log_backend_rtt.c.obj)
 .text.format_set
                0x0000000000002818        0xc zephyr/libzephyr.a(log_backend_rtt.c.obj)
 .text.panic    0x0000000000002824       0x14 zephyr/libzephyr.a(log_backend_rtt.c.obj)
 .text.dropped  0x0000000000002838        0xc zephyr/libzephyr.a(log_backend_rtt.c.obj)
 .text.process  0x0000000000002844       0x24 zephyr/libzephyr.a(log_backend_rtt.c.obj)
 .text.on_failed_write
                0x0000000000002868       0x28 zephyr/libzephyr.a(log_backend_rtt.c.obj)
 .text.data_out_block_mode
                0x0000000000002890       0x84 zephyr/libzephyr.a(log_backend_rtt.c.obj)
 .text.nrf_cc3xx_platform_abort_init
                0x0000000000002914        0xc zephyr/libzephyr.a(nrf_cc3xx_platform_abort_zephyr.c.obj)
                0x0000000000002914                nrf_cc3xx_platform_abort_init
 .text.mutex_free_platform
                0x0000000000002920       0x54 zephyr/libzephyr.a(nrf_cc3xx_platform_mutex_zephyr.c.obj)
 .text.mutex_lock_platform
                0x0000000000002974       0x60 zephyr/libzephyr.a(nrf_cc3xx_platform_mutex_zephyr.c.obj)
 .text.mutex_unlock_platform
                0x00000000000029d4       0x58 zephyr/libzephyr.a(nrf_cc3xx_platform_mutex_zephyr.c.obj)
 .text.mutex_init_platform
                0x0000000000002a2c       0x94 zephyr/libzephyr.a(nrf_cc3xx_platform_mutex_zephyr.c.obj)
 .text.nrf_cc3xx_platform_mutex_init
                0x0000000000002ac0       0x2c zephyr/libzephyr.a(nrf_cc3xx_platform_mutex_zephyr.c.obj)
                0x0000000000002ac0                nrf_cc3xx_platform_mutex_init
 .text.z_arm_cpu_idle_init
                0x0000000000002aec        0xc zephyr/arch/arch/arm/core/aarch32/libarch__arm__core__aarch32.a(cpu_idle.S.obj)
                0x0000000000002aec                z_arm_cpu_idle_init
 .text.arch_cpu_idle
                0x0000000000002af8       0x1c zephyr/arch/arch/arm/core/aarch32/libarch__arm__core__aarch32.a(cpu_idle.S.obj)
                0x0000000000002af8                arch_cpu_idle
 .text.arch_cpu_atomic_idle
                0x0000000000002b14       0x18 zephyr/arch/arch/arm/core/aarch32/libarch__arm__core__aarch32.a(cpu_idle.S.obj)
                0x0000000000002b14                arch_cpu_atomic_idle
 .text.z_arm_fatal_error
                0x0000000000002b2c      0x140 zephyr/arch/arch/arm/core/aarch32/libarch__arm__core__aarch32.a(fatal.c.obj)
                0x0000000000002b2c                z_arm_fatal_error
 .text.arch_irq_enable
                0x0000000000002c6c       0x1c zephyr/arch/arch/arm/core/aarch32/libarch__arm__core__aarch32.a(irq_manage.c.obj)
                0x0000000000002c6c                arch_irq_enable
 .text.arch_irq_disable
                0x0000000000002c88       0x28 zephyr/arch/arch/arm/core/aarch32/libarch__arm__core__aarch32.a(irq_manage.c.obj)
                0x0000000000002c88                arch_irq_disable
 .text.arch_irq_is_enabled
                0x0000000000002cb0       0x1c zephyr/arch/arch/arm/core/aarch32/libarch__arm__core__aarch32.a(irq_manage.c.obj)
                0x0000000000002cb0                arch_irq_is_enabled
 .text.z_arm_irq_priority_set
                0x0000000000002ccc       0x30 zephyr/arch/arch/arm/core/aarch32/libarch__arm__core__aarch32.a(irq_manage.c.obj)
                0x0000000000002ccc                z_arm_irq_priority_set
 .text.z_SysNmiOnReset
                0x0000000000002cfc        0x8 zephyr/arch/arch/arm/core/aarch32/libarch__arm__core__aarch32.a(nmi_on_reset.S.obj)
                0x0000000000002cfc                z_SysNmiOnReset
 .text.z_arm_prep_c
                0x0000000000002d04       0x5c zephyr/arch/arch/arm/core/aarch32/libarch__arm__core__aarch32.a(prep_c.c.obj)
                0x0000000000002d04                z_arm_prep_c
 .text.arch_swap
                0x0000000000002d60       0x34 zephyr/arch/arch/arm/core/aarch32/libarch__arm__core__aarch32.a(swap.c.obj)
                0x0000000000002d60                arch_swap
 .text.z_arm_pendsv
                0x0000000000002d94       0x84 zephyr/arch/arch/arm/core/aarch32/libarch__arm__core__aarch32.a(swap_helper.S.obj)
                0x0000000000002d94                z_arm_pendsv
 .text.z_arm_svc
                0x0000000000002e18       0x20 zephyr/arch/arch/arm/core/aarch32/libarch__arm__core__aarch32.a(swap_helper.S.obj)
                0x0000000000002e18                z_arm_svc
 .text.arch_new_thread
                0x0000000000002e38       0x40 zephyr/arch/arch/arm/core/aarch32/libarch__arm__core__aarch32.a(thread.c.obj)
                0x0000000000002e38                arch_new_thread
 .text.arch_float_disable
                0x0000000000002e78       0x4c zephyr/arch/arch/arm/core/aarch32/libarch__arm__core__aarch32.a(thread.c.obj)
                0x0000000000002e78                arch_float_disable
 .text.arch_switch_to_main_thread
                0x0000000000002ec4       0x3c zephyr/arch/arch/arm/core/aarch32/libarch__arm__core__aarch32.a(thread.c.obj)
                0x0000000000002ec4                arch_switch_to_main_thread
 .text._isr_wrapper
                0x0000000000002f00       0x28 zephyr/arch/arch/arm/core/aarch32/libarch__arm__core__aarch32.a(isr_wrapper.S.obj)
                0x0000000000002f00                _isr_wrapper
 .text._HandlerModeExit
                0x0000000000002f28       0x1c zephyr/arch/arch/arm/core/aarch32/cortex_m/libarch__arm__core__aarch32__cortex_m.a(exc_exit.S.obj)
                0x0000000000002f28                z_arm_exc_exit
                0x0000000000002f28                z_arm_int_exit
 .text.mem_manage_fault.constprop.0
                0x0000000000002f44      0x144 zephyr/arch/arch/arm/core/aarch32/cortex_m/libarch__arm__core__aarch32__cortex_m.a(fault.c.obj)
 .text.bus_fault.constprop.0
                0x0000000000003088      0x154 zephyr/arch/arch/arm/core/aarch32/cortex_m/libarch__arm__core__aarch32__cortex_m.a(fault.c.obj)
 .text.usage_fault.constprop.0
                0x00000000000031dc      0x104 zephyr/arch/arch/arm/core/aarch32/cortex_m/libarch__arm__core__aarch32__cortex_m.a(fault.c.obj)
 .text.z_arm_fault
                0x00000000000032e0      0x214 zephyr/arch/arch/arm/core/aarch32/cortex_m/libarch__arm__core__aarch32__cortex_m.a(fault.c.obj)
                0x00000000000032e0                z_arm_fault
 .text.z_arm_fault_init
                0x00000000000034f4       0x10 zephyr/arch/arch/arm/core/aarch32/cortex_m/libarch__arm__core__aarch32__cortex_m.a(fault.c.obj)
                0x00000000000034f4                z_arm_fault_init
 .text.__fault  0x0000000000003504       0x14 zephyr/arch/arch/arm/core/aarch32/cortex_m/libarch__arm__core__aarch32__cortex_m.a(fault_s.S.obj)
                0x0000000000003504                z_arm_bus_fault
                0x0000000000003504                z_arm_usage_fault
                0x0000000000003504                z_arm_mpu_fault
                0x0000000000003504                z_arm_exc_spurious
                0x0000000000003504                z_arm_debug_monitor
                0x0000000000003504                z_arm_hard_fault
 .text.z_arm_interrupt_init
                0x0000000000003518       0x18 zephyr/arch/arch/arm/core/aarch32/cortex_m/libarch__arm__core__aarch32__cortex_m.a(irq_init.c.obj)
                0x0000000000003518                z_arm_interrupt_init
 .text._reset_section
                0x0000000000003530       0x54 zephyr/arch/arch/arm/core/aarch32/cortex_m/libarch__arm__core__aarch32__cortex_m.a(reset.S.obj)
                0x0000000000003530                z_arm_reset
                0x0000000000003530                __start
 .text.sys_arch_reboot
                0x0000000000003584       0x24 zephyr/arch/arch/arm/core/aarch32/cortex_m/libarch__arm__core__aarch32__cortex_m.a(scb.c.obj)
                0x0000000000003584                sys_arch_reboot
 .text.z_arm_clear_arm_mpu_config
                0x00000000000035a8       0x24 zephyr/arch/arch/arm/core/aarch32/cortex_m/libarch__arm__core__aarch32__cortex_m.a(scb.c.obj)
                0x00000000000035a8                z_arm_clear_arm_mpu_config
 .text.z_arm_init_arch_hw_at_boot
                0x00000000000035cc       0x64 zephyr/arch/arch/arm/core/aarch32/cortex_m/libarch__arm__core__aarch32__cortex_m.a(scb.c.obj)
                0x00000000000035cc                z_arm_init_arch_hw_at_boot
 .text.z_impl_k_thread_abort
                0x0000000000003630       0x2c zephyr/arch/arch/arm/core/aarch32/cortex_m/libarch__arm__core__aarch32__cortex_m.a(thread_abort.c.obj)
                0x0000000000003630                z_impl_k_thread_abort
 .text.z_arm_configure_static_mpu_regions
                0x000000000000365c       0x18 zephyr/arch/arch/arm/core/aarch32/mpu/libarch__arm__core__aarch32__mpu.a(arm_core_mpu.c.obj)
                0x000000000000365c                z_arm_configure_static_mpu_regions
 .text.mpu_configure_regions
                0x0000000000003674       0xcc zephyr/arch/arch/arm/core/aarch32/mpu/libarch__arm__core__aarch32__mpu.a(arm_mpu.c.obj)
 .text.arm_core_mpu_enable
                0x0000000000003740       0x18 zephyr/arch/arch/arm/core/aarch32/mpu/libarch__arm__core__aarch32__mpu.a(arm_mpu.c.obj)
                0x0000000000003740                arm_core_mpu_enable
 .text.arm_core_mpu_disable
                0x0000000000003758       0x14 zephyr/arch/arch/arm/core/aarch32/mpu/libarch__arm__core__aarch32__mpu.a(arm_mpu.c.obj)
                0x0000000000003758                arm_core_mpu_disable
 .text.arm_core_mpu_configure_static_mpu_regions
                0x000000000000376c       0x14 zephyr/arch/arch/arm/core/aarch32/mpu/libarch__arm__core__aarch32__mpu.a(arm_mpu.c.obj)
                0x000000000000376c                arm_core_mpu_configure_static_mpu_regions
 .text.z_arm_mpu_init
                0x0000000000003780       0x60 zephyr/arch/arch/arm/core/aarch32/mpu/libarch__arm__core__aarch32__mpu.a(arm_mpu.c.obj)
                0x0000000000003780                z_arm_mpu_init
 .text.__stdout_hook_install
                0x00000000000037e0        0xc zephyr/lib/libc/newlib/liblib__libc__newlib.a(libc-hooks.c.obj)
                0x00000000000037e0                __stdout_hook_install
 .text.nordicsemi_nrf52_init
                0x00000000000037ec       0x18 zephyr/soc/soc/arm/nordic_nrf/nrf52/libsoc__arm__nordic_nrf__nrf52.a(soc.c.obj)
 .text.arch_busy_wait
                0x0000000000003804       0x14 zephyr/soc/soc/arm/nordic_nrf/nrf52/libsoc__arm__nordic_nrf__nrf52.a(soc.c.obj)
                0x0000000000003804                arch_busy_wait
 .text.onoff_stop
                0x0000000000003818       0x30 zephyr/drivers/clock_control/libdrivers__clock_control.a(clock_control_nrf.c.obj)
 .text.onoff_start
                0x0000000000003848       0x44 zephyr/drivers/clock_control/libdrivers__clock_control.a(clock_control_nrf.c.obj)
 .text.clk_init
                0x000000000000388c       0x58 zephyr/drivers/clock_control/libdrivers__clock_control.a(clock_control_nrf.c.obj)
 .text.clkstarted_handle.constprop.0
                0x00000000000038e4       0x34 zephyr/drivers/clock_control/libdrivers__clock_control.a(clock_control_nrf.c.obj)
 .text.clock_event_handler
                0x0000000000003918       0x1c zephyr/drivers/clock_control/libdrivers__clock_control.a(clock_control_nrf.c.obj)
 .text.generic_hfclk_start
                0x0000000000003934       0x64 zephyr/drivers/clock_control/libdrivers__clock_control.a(clock_control_nrf.c.obj)
 .text.api_blocking_start
                0x0000000000003998       0x34 zephyr/drivers/clock_control/libdrivers__clock_control.a(clock_control_nrf.c.obj)
 .text.generic_hfclk_stop
                0x00000000000039cc       0x34 zephyr/drivers/clock_control/libdrivers__clock_control.a(clock_control_nrf.c.obj)
 .text.z_nrf_clock_control_lf_on
                0x0000000000003a00       0xfc zephyr/drivers/clock_control/libdrivers__clock_control.a(clock_control_nrf.c.obj)
                0x0000000000003a00                z_nrf_clock_control_lf_on
 .text.rtt_console_init
                0x0000000000003afc       0x18 zephyr/drivers/console/libdrivers__console.a(rtt_console.c.obj)
 .text.rtt_console_out
                0x0000000000003b14       0x54 zephyr/drivers/console/libdrivers__console.a(rtt_console.c.obj)
 .text.gpio_nrfx_pin_interrupt_configure
                0x0000000000003b68       0xe4 zephyr/drivers/gpio/libdrivers__gpio.a(gpio_nrfx.c.obj)
 .text.gpio_nrfx_init
                0x0000000000003c4c       0x38 zephyr/drivers/gpio/libdrivers__gpio.a(gpio_nrfx.c.obj)
 .text.nrfx_gpio_handler
                0x0000000000003c84       0x4c zephyr/drivers/gpio/libdrivers__gpio.a(gpio_nrfx.c.obj)
 .text.gpio_nrfx_pin_configure
                0x0000000000003cd0      0x128 zephyr/drivers/gpio/libdrivers__gpio.a(gpio_nrfx.c.obj)
 .text.i2c_nrfx_twi_recover_bus
                0x0000000000003df8       0x24 zephyr/drivers/i2c/libdrivers__i2c.a(i2c_nrfx_twi.c.obj)
 .text.twi_0_init
                0x0000000000003e1c       0x94 zephyr/drivers/i2c/libdrivers__i2c.a(i2c_nrfx_twi.c.obj)
 .text.event_handler
                0x0000000000003eb0       0x34 zephyr/drivers/i2c/libdrivers__i2c.a(i2c_nrfx_twi.c.obj)
 .text.i2c_nrfx_twi_configure
                0x0000000000003ee4       0x58 zephyr/drivers/i2c/libdrivers__i2c.a(i2c_nrfx_twi.c.obj)
 .text.i2c_nrfx_twi_transfer
                0x0000000000003f3c      0x154 zephyr/drivers/i2c/libdrivers__i2c.a(i2c_nrfx_twi.c.obj)
 .text.nrf_gpio_pin_port_decode
                0x0000000000004090       0x20 zephyr/drivers/pinctrl/libdrivers__pinctrl.a(pinctrl_nrf.c.obj)
 .text.pinctrl_configure_pins
                0x00000000000040b0      0x168 zephyr/drivers/pinctrl/libdrivers__pinctrl.a(pinctrl_nrf.c.obj)
                0x00000000000040b0                pinctrl_configure_pins
 .text.uart_nrfx_poll_in
                0x0000000000004218       0x24 zephyr/drivers/serial/libdrivers__serial.a(uart_nrfx_uart.c.obj)
 .text.uart_nrfx_err_check
                0x000000000000423c       0x10 zephyr/drivers/serial/libdrivers__serial.a(uart_nrfx_uart.c.obj)
 .text.uart_nrfx_configure
                0x000000000000424c      0x168 zephyr/drivers/serial/libdrivers__serial.a(uart_nrfx_uart.c.obj)
 .text.uart_nrfx_poll_out
                0x00000000000043b4       0x7c zephyr/drivers/serial/libdrivers__serial.a(uart_nrfx_uart.c.obj)
 .text.uart_nrfx_init
                0x0000000000004430       0x54 zephyr/drivers/serial/libdrivers__serial.a(uart_nrfx_uart.c.obj)
 .text.compare_int_lock
                0x0000000000004484       0x48 zephyr/drivers/timer/libdrivers__timer.a(nrf_rtc_timer.c.obj)
 .text.sys_clock_timeout_handler
                0x00000000000044cc       0x48 zephyr/drivers/timer/libdrivers__timer.a(nrf_rtc_timer.c.obj)
 .text.compare_int_unlock
                0x0000000000004514       0x5c zephyr/drivers/timer/libdrivers__timer.a(nrf_rtc_timer.c.obj)
 .text.z_nrf_rtc_timer_read
                0x0000000000004570       0x44 zephyr/drivers/timer/libdrivers__timer.a(nrf_rtc_timer.c.obj)
                0x0000000000004570                z_nrf_rtc_timer_read
 .text.compare_set
                0x00000000000045b4      0x130 zephyr/drivers/timer/libdrivers__timer.a(nrf_rtc_timer.c.obj)
 .text.sys_clock_driver_init
                0x00000000000046e4       0x90 zephyr/drivers/timer/libdrivers__timer.a(nrf_rtc_timer.c.obj)
 .text.rtc_nrf_isr
                0x0000000000004774       0xd4 zephyr/drivers/timer/libdrivers__timer.a(nrf_rtc_timer.c.obj)
                0x0000000000004774                rtc_nrf_isr
 .text.sys_clock_set_timeout
                0x0000000000004848       0x68 zephyr/drivers/timer/libdrivers__timer.a(nrf_rtc_timer.c.obj)
                0x0000000000004848                sys_clock_set_timeout
 .text.sys_clock_elapsed
                0x00000000000048b0       0x14 zephyr/drivers/timer/libdrivers__timer.a(nrf_rtc_timer.c.obj)
                0x00000000000048b0                sys_clock_elapsed
 .text.sys_clock_disable
                0x00000000000048c4       0x30 zephyr/drivers/timer/libdrivers__timer.a(nrf_rtc_timer.c.obj)
                0x00000000000048c4                sys_clock_disable
 .text.k_sys_fatal_error_handler
                0x00000000000048f4       0x2c modules/nrf/lib/fatal_error/lib..__nrf__lib__fatal_error.a(fatal_error.c.obj)
                0x00000000000048f4                k_sys_fatal_error_handler
 .text.nrf52_errata_98
                0x0000000000004920       0x24 modules/hal_nordic/nrfx/libmodules__hal_nordic__nrfx.a(system_nrf52840.c.obj)
 .text.nvmc_wait
                0x0000000000004944       0x10 modules/hal_nordic/nrfx/libmodules__hal_nordic__nrfx.a(system_nrf52840.c.obj)
                0x0000000000004944                nvmc_wait
 .text.SystemInit
                0x0000000000004954      0x1d8 modules/hal_nordic/nrfx/libmodules__hal_nordic__nrfx.a(system_nrf52840.c.obj)
                0x0000000000004954                SystemInit
 .text.nrfx_flag32_alloc
                0x0000000000004b2c       0x48 modules/hal_nordic/nrfx/libmodules__hal_nordic__nrfx.a(nrfx_flag32_allocator.c.obj)
                0x0000000000004b2c                nrfx_flag32_alloc
 .text.nrfx_flag32_free
                0x0000000000004b74       0x40 modules/hal_nordic/nrfx/libmodules__hal_nordic__nrfx.a(nrfx_flag32_allocator.c.obj)
                0x0000000000004b74                nrfx_flag32_free
 .text.clock_stop
                0x0000000000004bb4       0xc4 modules/hal_nordic/nrfx/libmodules__hal_nordic__nrfx.a(nrfx_clock.c.obj)
 .text.nrfx_clock_init
                0x0000000000004c78       0x20 modules/hal_nordic/nrfx/libmodules__hal_nordic__nrfx.a(nrfx_clock.c.obj)
                0x0000000000004c78                nrfx_clock_init
 .text.nrfx_power_clock_irq_handler
                0x0000000000004c98       0x68 modules/hal_nordic/nrfx/libmodules__hal_nordic__nrfx.a(nrfx_clock.c.obj)
                0x0000000000004c98                nrfx_power_clock_irq_handler
 .text.nrf_gpio_pin_port_decode
                0x0000000000004d00       0x20 modules/hal_nordic/nrfx/libmodules__hal_nordic__nrfx.a(nrfx_gpiote.c.obj)
 .text.get_pin_idx
                0x0000000000004d20       0x14 modules/hal_nordic/nrfx/libmodules__hal_nordic__nrfx.a(nrfx_gpiote.c.obj)
 .text.pin_in_use_by_te
                0x0000000000004d34       0x18 modules/hal_nordic/nrfx/libmodules__hal_nordic__nrfx.a(nrfx_gpiote.c.obj)
 .text.pin_is_output
                0x0000000000004d4c       0x18 modules/hal_nordic/nrfx/libmodules__hal_nordic__nrfx.a(nrfx_gpiote.c.obj)
 .text.pin_te_get
                0x0000000000004d64       0x18 modules/hal_nordic/nrfx/libmodules__hal_nordic__nrfx.a(nrfx_gpiote.c.obj)
 .text.call_handler
                0x0000000000004d7c       0x40 modules/hal_nordic/nrfx/libmodules__hal_nordic__nrfx.a(nrfx_gpiote.c.obj)
 .text.release_handler
                0x0000000000004dbc       0x58 modules/hal_nordic/nrfx/libmodules__hal_nordic__nrfx.a(nrfx_gpiote.c.obj)
 .text.__nrfy_internal_gpiote_events_process.constprop.0
                0x0000000000004e14       0x54 modules/hal_nordic/nrfx/libmodules__hal_nordic__nrfx.a(nrfx_gpiote.c.obj)
 .text.nrfx_gpiote_input_configure
                0x0000000000004e68      0x180 modules/hal_nordic/nrfx/libmodules__hal_nordic__nrfx.a(nrfx_gpiote.c.obj)
                0x0000000000004e68                nrfx_gpiote_input_configure
 .text.nrfx_gpiote_output_configure
                0x0000000000004fe8       0xf4 modules/hal_nordic/nrfx/libmodules__hal_nordic__nrfx.a(nrfx_gpiote.c.obj)
                0x0000000000004fe8                nrfx_gpiote_output_configure
 .text.nrfx_gpiote_global_callback_set
                0x00000000000050dc        0xc modules/hal_nordic/nrfx/libmodules__hal_nordic__nrfx.a(nrfx_gpiote.c.obj)
                0x00000000000050dc                nrfx_gpiote_global_callback_set
 .text.nrfx_gpiote_channel_get
                0x00000000000050e8       0x30 modules/hal_nordic/nrfx/libmodules__hal_nordic__nrfx.a(nrfx_gpiote.c.obj)
                0x00000000000050e8                nrfx_gpiote_channel_get
 .text.nrfx_gpiote_init
                0x0000000000005118       0x50 modules/hal_nordic/nrfx/libmodules__hal_nordic__nrfx.a(nrfx_gpiote.c.obj)
                0x0000000000005118                nrfx_gpiote_init
 .text.nrfx_gpiote_is_init
                0x0000000000005168       0x14 modules/hal_nordic/nrfx/libmodules__hal_nordic__nrfx.a(nrfx_gpiote.c.obj)
                0x0000000000005168                nrfx_gpiote_is_init
 .text.nrfx_gpiote_channel_free
                0x000000000000517c        0xc modules/hal_nordic/nrfx/libmodules__hal_nordic__nrfx.a(nrfx_gpiote.c.obj)
                0x000000000000517c                nrfx_gpiote_channel_free
 .text.nrfx_gpiote_channel_alloc
                0x0000000000005188        0xc modules/hal_nordic/nrfx/libmodules__hal_nordic__nrfx.a(nrfx_gpiote.c.obj)
                0x0000000000005188                nrfx_gpiote_channel_alloc
 .text.nrfx_gpiote_trigger_enable
                0x0000000000005194       0x9c modules/hal_nordic/nrfx/libmodules__hal_nordic__nrfx.a(nrfx_gpiote.c.obj)
                0x0000000000005194                nrfx_gpiote_trigger_enable
 .text.nrfx_gpiote_trigger_disable
                0x0000000000005230       0x4c modules/hal_nordic/nrfx/libmodules__hal_nordic__nrfx.a(nrfx_gpiote.c.obj)
                0x0000000000005230                nrfx_gpiote_trigger_disable
 .text.nrfx_gpiote_pin_uninit
                0x000000000000527c       0x80 modules/hal_nordic/nrfx/libmodules__hal_nordic__nrfx.a(nrfx_gpiote.c.obj)
                0x000000000000527c                nrfx_gpiote_pin_uninit
 .text.nrfx_gpiote_irq_handler
                0x00000000000052fc      0x1a8 modules/hal_nordic/nrfx/libmodules__hal_nordic__nrfx.a(nrfx_gpiote.c.obj)
                0x00000000000052fc                nrfx_gpiote_irq_handler
 .text.nrf_gpio_cfg.constprop.0
                0x00000000000054a4       0x48 modules/hal_nordic/nrfx/libmodules__hal_nordic__nrfx.a(nrfx_twi.c.obj)
 .text.twi_configure
                0x00000000000054ec       0x40 modules/hal_nordic/nrfx/libmodules__hal_nordic__nrfx.a(nrfx_twi.c.obj)
 .text.twi_tx_start_transfer
                0x000000000000552c      0x104 modules/hal_nordic/nrfx/libmodules__hal_nordic__nrfx.a(nrfx_twi.c.obj)
 .text.twi_rx_start_transfer
                0x0000000000005630       0xe4 modules/hal_nordic/nrfx/libmodules__hal_nordic__nrfx.a(nrfx_twi.c.obj)
 .text.nrfx_twi_init
                0x0000000000005714       0x88 modules/hal_nordic/nrfx/libmodules__hal_nordic__nrfx.a(nrfx_twi.c.obj)
                0x0000000000005714                nrfx_twi_init
 .text.nrfx_twi_enable
                0x000000000000579c       0x20 modules/hal_nordic/nrfx/libmodules__hal_nordic__nrfx.a(nrfx_twi.c.obj)
                0x000000000000579c                nrfx_twi_enable
 .text.nrfx_twi_disable
                0x00000000000057bc       0x38 modules/hal_nordic/nrfx/libmodules__hal_nordic__nrfx.a(nrfx_twi.c.obj)
                0x00000000000057bc                nrfx_twi_disable
 .text.nrfx_twi_xfer
                0x00000000000057f4       0xdc modules/hal_nordic/nrfx/libmodules__hal_nordic__nrfx.a(nrfx_twi.c.obj)
                0x00000000000057f4                nrfx_twi_xfer
 .text.nrfx_twi_0_irq_handler
                0x00000000000058d0       0xd8 modules/hal_nordic/nrfx/libmodules__hal_nordic__nrfx.a(nrfx_twi.c.obj)
                0x00000000000058d0                nrfx_twi_0_irq_handler
 .text.nrf_gpio_pin_port_decode
                0x00000000000059a8       0x20 modules/hal_nordic/nrfx/libmodules__hal_nordic__nrfx.a(nrfx_twi_twim.c.obj)
 .text.nrfx_twi_twim_bus_recover
                0x00000000000059c8       0xdc modules/hal_nordic/nrfx/libmodules__hal_nordic__nrfx.a(nrfx_twi_twim.c.obj)
                0x00000000000059c8                nrfx_twi_twim_bus_recover
 .text._DoInit  0x0000000000005aa4       0x60 modules/segger/libmodules__segger.a(SEGGER_RTT.c.obj)
 .text.SEGGER_RTT_WriteSkipNoLock
                0x0000000000005b04       0x88 modules/segger/libmodules__segger.a(SEGGER_RTT.c.obj)
                0x0000000000005b04                SEGGER_RTT_WriteSkipNoLock
 .text.SEGGER_RTT_WriteNoLock
                0x0000000000005b8c       0x58 modules/segger/libmodules__segger.a(SEGGER_RTT.c.obj)
                0x0000000000005b8c                SEGGER_RTT_WriteNoLock
 .text.SEGGER_RTT_HasDataUp
                0x0000000000005be4       0x14 modules/segger/libmodules__segger.a(SEGGER_RTT.c.obj)
                0x0000000000005be4                SEGGER_RTT_HasDataUp
 .text.zephyr_rtt_mutex_lock
                0x0000000000005bf8       0x14 modules/segger/libmodules__segger.a(SEGGER_RTT_zephyr.c.obj)
                0x0000000000005bf8                zephyr_rtt_mutex_lock
 .text.zephyr_rtt_mutex_unlock
                0x0000000000005c0c        0xc modules/segger/libmodules__segger.a(SEGGER_RTT_zephyr.c.obj)
                0x0000000000005c0c                zephyr_rtt_mutex_unlock
 .text.z_fatal_error
                0x0000000000005c18       0xfc zephyr/kernel/libkernel.a(fatal.c.obj)
                0x0000000000005c18                z_fatal_error
 .text.z_sys_init_run_level
                0x0000000000005d14       0x48 zephyr/kernel/libkernel.a(init.c.obj)
 .text.bg_thread_main
                0x0000000000005d5c       0x34 zephyr/kernel/libkernel.a(init.c.obj)
 .text.z_bss_zero
                0x0000000000005d90       0x18 zephyr/kernel/libkernel.a(init.c.obj)
                0x0000000000005d90                z_bss_zero
 .text.z_init_cpu
                0x0000000000005da8       0x84 zephyr/kernel/libkernel.a(init.c.obj)
                0x0000000000005da8                z_init_cpu
 .text.z_cstart
                0x0000000000005e2c       0xe0 zephyr/kernel/libkernel.a(init.c.obj)
                0x0000000000005e2c                z_cstart
 .text.init_mem_slab_module
                0x0000000000005f0c       0x24 zephyr/kernel/libkernel.a(mem_slab.c.obj)
 .text.k_mem_slab_alloc
                0x0000000000005f30       0x5c zephyr/kernel/libkernel.a(mem_slab.c.obj)
                0x0000000000005f30                k_mem_slab_alloc
 .text.z_setup_new_thread
                0x0000000000005f8c       0x60 zephyr/kernel/libkernel.a(thread.c.obj)
                0x0000000000005f8c                z_setup_new_thread
 .text.z_impl_k_thread_create
                0x0000000000005fec       0x58 zephyr/kernel/libkernel.a(thread.c.obj)
                0x0000000000005fec                z_impl_k_thread_create
 .text.z_init_static_threads
                0x0000000000006044       0xb8 zephyr/kernel/libkernel.a(thread.c.obj)
                0x0000000000006044                z_init_static_threads
 .text.z_impl_k_mutex_lock
                0x00000000000060fc       0xf4 zephyr/kernel/libkernel.a(mutex.c.obj)
                0x00000000000060fc                z_impl_k_mutex_lock
 .text.z_impl_k_mutex_unlock
                0x00000000000061f0       0x78 zephyr/kernel/libkernel.a(mutex.c.obj)
                0x00000000000061f0                z_impl_k_mutex_unlock
 .text.z_impl_k_sem_give
                0x0000000000006268       0x48 zephyr/kernel/libkernel.a(sem.c.obj)
                0x0000000000006268                z_impl_k_sem_give
 .text.z_impl_k_sem_take
                0x00000000000062b0       0x50 zephyr/kernel/libkernel.a(sem.c.obj)
                0x00000000000062b0                z_impl_k_sem_take
 .text.sliceable
                0x0000000000006300       0x3c zephyr/kernel/libkernel.a(sched.c.obj)
 .text.slice_timeout
                0x000000000000633c       0x20 zephyr/kernel/libkernel.a(sched.c.obj)
 .text.z_reset_time_slice
                0x000000000000635c       0x50 zephyr/kernel/libkernel.a(sched.c.obj)
                0x000000000000635c                z_reset_time_slice
 .text.update_cache
                0x00000000000063ac       0x3c zephyr/kernel/libkernel.a(sched.c.obj)
 .text.move_thread_to_end_of_prio_q
                0x00000000000063e8       0x74 zephyr/kernel/libkernel.a(sched.c.obj)
 .text.ready_thread
                0x000000000000645c       0x68 zephyr/kernel/libkernel.a(sched.c.obj)
 .text.unready_thread
                0x00000000000064c4       0x30 zephyr/kernel/libkernel.a(sched.c.obj)
 .text.pend_locked
                0x00000000000064f4       0x30 zephyr/kernel/libkernel.a(sched.c.obj)
 .text.z_time_slice
                0x0000000000006524       0x60 zephyr/kernel/libkernel.a(sched.c.obj)
                0x0000000000006524                z_time_slice
 .text.z_pend_curr
                0x0000000000006584       0x3c zephyr/kernel/libkernel.a(sched.c.obj)
                0x0000000000006584                z_pend_curr
 .text.z_set_prio
                0x00000000000065c0       0x8c zephyr/kernel/libkernel.a(sched.c.obj)
                0x00000000000065c0                z_set_prio
 .text.z_reschedule
                0x000000000000664c       0x24 zephyr/kernel/libkernel.a(sched.c.obj)
                0x000000000000664c                z_reschedule
 .text.z_sched_start
                0x0000000000006670       0x3c zephyr/kernel/libkernel.a(sched.c.obj)
                0x0000000000006670                z_sched_start
 .text.z_impl_k_thread_suspend
                0x00000000000066ac       0x64 zephyr/kernel/libkernel.a(sched.c.obj)
                0x00000000000066ac                z_impl_k_thread_suspend
 .text.k_sched_lock
                0x0000000000006710       0x28 zephyr/kernel/libkernel.a(sched.c.obj)
                0x0000000000006710                k_sched_lock
 .text.k_sched_unlock
                0x0000000000006738       0x38 zephyr/kernel/libkernel.a(sched.c.obj)
                0x0000000000006738                k_sched_unlock
 .text.z_sched_init
                0x0000000000006770       0x10 zephyr/kernel/libkernel.a(sched.c.obj)
                0x0000000000006770                z_sched_init
 .text.z_impl_k_yield
                0x0000000000006780       0x7c zephyr/kernel/libkernel.a(sched.c.obj)
                0x0000000000006780                z_impl_k_yield
 .text.z_tick_sleep
                0x00000000000067fc       0x88 zephyr/kernel/libkernel.a(sched.c.obj)
 .text.z_impl_k_sleep
                0x0000000000006884       0x34 zephyr/kernel/libkernel.a(sched.c.obj)
                0x0000000000006884                z_impl_k_sleep
 .text.z_impl_z_current_get
                0x00000000000068b8        0xc zephyr/kernel/libkernel.a(sched.c.obj)
                0x00000000000068b8                z_impl_z_current_get
 .text.z_thread_abort
                0x00000000000068c4       0xc8 zephyr/kernel/libkernel.a(sched.c.obj)
                0x00000000000068c4                z_thread_abort
 .text.z_data_copy
                0x000000000000698c       0x34 zephyr/kernel/libkernel.a(xip.c.obj)
                0x000000000000698c                z_data_copy
 .text.elapsed  0x00000000000069c0       0x14 zephyr/kernel/libkernel.a(timeout.c.obj)
 .text.next_timeout
                0x00000000000069d4       0x40 zephyr/kernel/libkernel.a(timeout.c.obj)
 .text.remove_timeout
                0x0000000000006a14       0x38 zephyr/kernel/libkernel.a(timeout.c.obj)
 .text.z_add_timeout
                0x0000000000006a4c       0xec zephyr/kernel/libkernel.a(timeout.c.obj)
                0x0000000000006a4c                z_add_timeout
 .text.sys_clock_announce
                0x0000000000006b38       0xd4 zephyr/kernel/libkernel.a(timeout.c.obj)
                0x0000000000006b38                sys_clock_announce
 .text.sys_clock_tick_get
                0x0000000000006c0c       0x34 zephyr/kernel/libkernel.a(timeout.c.obj)
                0x0000000000006c0c                sys_clock_tick_get
 .text.z_timer_expiration_handler
                0x0000000000006c40       0xe4 zephyr/kernel/libkernel.a(timer.c.obj)
                0x0000000000006c40                z_timer_expiration_handler
 .text.z_impl_k_timer_start
                0x0000000000006d24       0x5c zephyr/kernel/libkernel.a(timer.c.obj)
                0x0000000000006d24                z_impl_k_timer_start
 .text.boot_banner
                0x0000000000006d80        0xc zephyr/kernel/libkernel.a(banner.c.obj)
                0x0000000000006d80                boot_banner
 .text.nrf_cc3xx_platform_init_no_rng
                0x0000000000006d8c       0x38 /home/abdullah/ncs/v2.5.0/nrfxlib/crypto/nrf_cc310_platform/lib/cortex-m4/hard-float/no-interrupts/libnrf_cc310_platform_0.9.18.a(nrf_cc3xx_platform.c.obj)
                0x0000000000006d8c                nrf_cc3xx_platform_init_no_rng
 .text.nrf_cc3xx_platform_abort
                0x0000000000006dc4       0x24 /home/abdullah/ncs/v2.5.0/nrfxlib/crypto/nrf_cc310_platform/lib/cortex-m4/hard-float/no-interrupts/libnrf_cc310_platform_0.9.18.a(nrf_cc3xx_platform_abort.c.obj)
 .text.CC_PalAbort
                0x0000000000006de8       0x38 /home/abdullah/ncs/v2.5.0/nrfxlib/crypto/nrf_cc310_platform/lib/cortex-m4/hard-float/no-interrupts/libnrf_cc310_platform_0.9.18.a(nrf_cc3xx_platform_abort.c.obj)
                0x0000000000006de8                CC_PalAbort
 .text.nrf_cc3xx_platform_set_abort
                0x0000000000006e20       0x10 /home/abdullah/ncs/v2.5.0/nrfxlib/crypto/nrf_cc310_platform/lib/cortex-m4/hard-float/no-interrupts/libnrf_cc310_platform_0.9.18.a(nrf_cc3xx_platform_abort.c.obj)
                0x0000000000006e20                nrf_cc3xx_platform_set_abort
 .text.mutex_free
                0x0000000000006e30       0x34 /home/abdullah/ncs/v2.5.0/nrfxlib/crypto/nrf_cc310_platform/lib/cortex-m4/hard-float/no-interrupts/libnrf_cc310_platform_0.9.18.a(nrf_cc3xx_platform_mutex.c.obj)
 .text.mutex_lock
                0x0000000000006e64       0x48 /home/abdullah/ncs/v2.5.0/nrfxlib/crypto/nrf_cc310_platform/lib/cortex-m4/hard-float/no-interrupts/libnrf_cc310_platform_0.9.18.a(nrf_cc3xx_platform_mutex.c.obj)
 .text.mutex_unlock
                0x0000000000006eac       0x38 /home/abdullah/ncs/v2.5.0/nrfxlib/crypto/nrf_cc310_platform/lib/cortex-m4/hard-float/no-interrupts/libnrf_cc310_platform_0.9.18.a(nrf_cc3xx_platform_mutex.c.obj)
 .text.mutex_init
                0x0000000000006ee4       0x20 /home/abdullah/ncs/v2.5.0/nrfxlib/crypto/nrf_cc310_platform/lib/cortex-m4/hard-float/no-interrupts/libnrf_cc310_platform_0.9.18.a(nrf_cc3xx_platform_mutex.c.obj)
 .text.nrf_cc3xx_platform_set_mutexes
                0x0000000000006f04       0x6c /home/abdullah/ncs/v2.5.0/nrfxlib/crypto/nrf_cc310_platform/lib/cortex-m4/hard-float/no-interrupts/libnrf_cc310_platform_0.9.18.a(nrf_cc3xx_platform_mutex.c.obj)
                0x0000000000006f04                nrf_cc3xx_platform_set_mutexes
 .text.CC_LibInitNoRng
                0x0000000000006f70       0x64 /home/abdullah/ncs/v2.5.0/nrfxlib/crypto/nrf_cc310_platform/lib/cortex-m4/hard-float/no-interrupts/libnrf_cc310_platform_0.9.18.a(cc_lib.c.obj)
                0x0000000000006f70                CC_LibInitNoRng
 .text.CC_HalInit
                0x0000000000006fd4        0x4 /home/abdullah/ncs/v2.5.0/nrfxlib/crypto/nrf_cc310_platform/lib/cortex-m4/hard-float/no-interrupts/libnrf_cc310_platform_0.9.18.a(cc_hal.c.obj)
                0x0000000000006fd4                CC_HalInit
 .text.CC_HalTerminate
                0x0000000000006fd8        0x4 /home/abdullah/ncs/v2.5.0/nrfxlib/crypto/nrf_cc310_platform/lib/cortex-m4/hard-float/no-interrupts/libnrf_cc310_platform_0.9.18.a(cc_hal.c.obj)
                0x0000000000006fd8                CC_HalTerminate
 .text.CC_HalMaskInterrupt
                0x0000000000006fdc        0xc /home/abdullah/ncs/v2.5.0/nrfxlib/crypto/nrf_cc310_platform/lib/cortex-m4/hard-float/no-interrupts/libnrf_cc310_platform_0.9.18.a(cc_hal.c.obj)
                0x0000000000006fdc                CC_HalMaskInterrupt
 .text.CC_PalInit
                0x0000000000006fe8       0x5c /home/abdullah/ncs/v2.5.0/nrfxlib/crypto/nrf_cc310_platform/lib/cortex-m4/hard-float/no-interrupts/libnrf_cc310_platform_0.9.18.a(cc_pal.c.obj)
                0x0000000000006fe8                CC_PalInit
 .text.CC_PalTerminate
                0x0000000000007044       0x34 /home/abdullah/ncs/v2.5.0/nrfxlib/crypto/nrf_cc310_platform/lib/cortex-m4/hard-float/no-interrupts/libnrf_cc310_platform_0.9.18.a(cc_pal.c.obj)
                0x0000000000007044                CC_PalTerminate
 .text.CC_PalDmaInit
                0x0000000000007078        0x4 /home/abdullah/ncs/v2.5.0/nrfxlib/crypto/nrf_cc310_platform/lib/cortex-m4/hard-float/no-interrupts/libnrf_cc310_platform_0.9.18.a(cc_pal_dma.c.obj)
                0x0000000000007078                CC_PalDmaInit
 .text.CC_PalDmaTerminate
                0x000000000000707c        0x4 /home/abdullah/ncs/v2.5.0/nrfxlib/crypto/nrf_cc310_platform/lib/cortex-m4/hard-float/no-interrupts/libnrf_cc310_platform_0.9.18.a(cc_pal_dma.c.obj)
                0x000000000000707c                CC_PalDmaTerminate
 .text.CC_PalMutexCreate
                0x0000000000007080       0x14 /home/abdullah/ncs/v2.5.0/nrfxlib/crypto/nrf_cc310_platform/lib/cortex-m4/hard-float/no-interrupts/libnrf_cc310_platform_0.9.18.a(cc_pal_mutex.c.obj)
                0x0000000000007080                CC_PalMutexCreate
 .text.CC_PalMutexDestroy
                0x0000000000007094       0x14 /home/abdullah/ncs/v2.5.0/nrfxlib/crypto/nrf_cc310_platform/lib/cortex-m4/hard-float/no-interrupts/libnrf_cc310_platform_0.9.18.a(cc_pal_mutex.c.obj)
                0x0000000000007094                CC_PalMutexDestroy
 .text.CC_PalPowerSaveModeInit
                0x00000000000070a8       0x3c /home/abdullah/ncs/v2.5.0/nrfxlib/crypto/nrf_cc310_platform/lib/cortex-m4/hard-float/no-interrupts/libnrf_cc310_platform_0.9.18.a(cc_pal_pm.c.obj)
                0x00000000000070a8                CC_PalPowerSaveModeInit
 .text.CC_PalPowerSaveModeSelect
                0x00000000000070e4       0x84 /home/abdullah/ncs/v2.5.0/nrfxlib/crypto/nrf_cc310_platform/lib/cortex-m4/hard-float/no-interrupts/libnrf_cc310_platform_0.9.18.a(cc_pal_pm.c.obj)
                0x00000000000070e4                CC_PalPowerSaveModeSelect
 .text.z_log_msg_static_create.constprop.0
                0x0000000000007168        0x6 app/libapp.a(rotary_encoder.c.obj)
 .text.i2c_write.constprop.0
                0x000000000000716e       0x1a app/libapp.a(rotary_encoder.c.obj)
 .text.seesaw_write_register.constprop.0
                0x0000000000007188       0x20 app/libapp.a(rotary_encoder.c.obj)
 .text.cbpprintf_external
                0x00000000000071a8       0x62 zephyr/libzephyr.a(cbprintf_packaged.c.obj)
                0x00000000000071a8                cbpprintf_external
 .text.is_ptr   0x000000000000720a       0x4a zephyr/libzephyr.a(cbprintf_packaged.c.obj)
                0x000000000000720a                is_ptr
 .text.arch_printk_char_out
                0x0000000000007254        0x4 zephyr/libzephyr.a(printk.c.obj)
                0x0000000000007254                arch_printk_char_out
 .text.str_out  0x0000000000007258       0x26 zephyr/libzephyr.a(printk.c.obj)
 .text.printk   0x000000000000727e       0x1a zephyr/libzephyr.a(printk.c.obj)
                0x000000000000727e                printk
 .text.snprintk
                0x0000000000007298       0x1a zephyr/libzephyr.a(printk.c.obj)
                0x0000000000007298                snprintk
 .text.z_thread_entry
                0x00000000000072b2       0x14 zephyr/libzephyr.a(thread_entry.c.obj)
                0x00000000000072b2                z_thread_entry
 .text.process_recheck
                0x00000000000072c6       0x38 zephyr/libzephyr.a(onoff.c.obj)
 .text.validate_args
                0x00000000000072fe       0x20 zephyr/libzephyr.a(onoff.c.obj)
 .text.notify_one
                0x000000000000731e       0x2c zephyr/libzephyr.a(onoff.c.obj)
 .text.transition_complete
                0x000000000000734a       0x1e zephyr/libzephyr.a(onoff.c.obj)
 .text.onoff_manager_init
                0x0000000000007368       0x26 zephyr/libzephyr.a(onoff.c.obj)
                0x0000000000007368                onoff_manager_init
 .text.onoff_request
                0x000000000000738e       0xb0 zephyr/libzephyr.a(onoff.c.obj)
                0x000000000000738e                onoff_request
 .text.sys_notify_validate
                0x000000000000743e       0x22 zephyr/libzephyr.a(notify.c.obj)
                0x000000000000743e                sys_notify_validate
 .text.sys_notify_finalize
                0x0000000000007460       0x1a zephyr/libzephyr.a(notify.c.obj)
                0x0000000000007460                sys_notify_finalize
 .text._ldiv5   0x000000000000747a       0x30 zephyr/libzephyr.a(cbprintf_complete.c.obj)
 .text._get_digit
                0x00000000000074aa       0x2e zephyr/libzephyr.a(cbprintf_complete.c.obj)
 .text.outs     0x00000000000074d8       0x2e zephyr/libzephyr.a(cbprintf_complete.c.obj)
 .text.free_space
                0x0000000000007506       0x26 zephyr/libzephyr.a(mpsc_pbuf.c.obj)
 .text.get_usage
                0x000000000000752c       0x22 zephyr/libzephyr.a(mpsc_pbuf.c.obj)
 .text.idx_inc  0x000000000000754e       0x1c zephyr/libzephyr.a(mpsc_pbuf.c.obj)
 .text.rd_idx_inc
                0x000000000000756a       0x18 zephyr/libzephyr.a(mpsc_pbuf.c.obj)
 .text.add_skip_item
                0x0000000000007582       0x3a zephyr/libzephyr.a(mpsc_pbuf.c.obj)
 .text.drop_item_locked
                0x00000000000075bc       0xee zephyr/libzephyr.a(mpsc_pbuf.c.obj)
 .text.post_drop_action
                0x00000000000076aa       0x36 zephyr/libzephyr.a(mpsc_pbuf.c.obj)
 .text.max_utilization_update
                0x00000000000076e0       0x1a zephyr/libzephyr.a(mpsc_pbuf.c.obj)
 .text.mpsc_pbuf_init
                0x00000000000076fa       0x42 zephyr/libzephyr.a(mpsc_pbuf.c.obj)
                0x00000000000076fa                mpsc_pbuf_init
 .text.mpsc_pbuf_alloc
                0x000000000000773c       0xfc zephyr/libzephyr.a(mpsc_pbuf.c.obj)
                0x000000000000773c                mpsc_pbuf_alloc
 .text.mpsc_pbuf_commit
                0x0000000000007838       0x40 zephyr/libzephyr.a(mpsc_pbuf.c.obj)
                0x0000000000007838                mpsc_pbuf_commit
 .text.mpsc_pbuf_claim
                0x0000000000007878       0xa4 zephyr/libzephyr.a(mpsc_pbuf.c.obj)
                0x0000000000007878                mpsc_pbuf_claim
 .text.mpsc_pbuf_free
                0x000000000000791c       0x78 zephyr/libzephyr.a(mpsc_pbuf.c.obj)
                0x000000000000791c                mpsc_pbuf_free
 .text.mpsc_pbuf_is_pending
                0x0000000000007994       0x1a zephyr/libzephyr.a(mpsc_pbuf.c.obj)
                0x0000000000007994                mpsc_pbuf_is_pending
 .text._ConfigAbsSyms
                0x00000000000079ae        0x2 zephyr/libzephyr.a(configs.c.obj)
                0x00000000000079ae                _ConfigAbsSyms
 .text.log_msg_generic_get_wlen
                0x00000000000079b0       0x20 zephyr/libzephyr.a(log_core.c.obj)
 .text.dummy_timestamp
                0x00000000000079d0        0x4 zephyr/libzephyr.a(log_core.c.obj)
 .text.default_get_timestamp
                0x00000000000079d4        0x4 zephyr/libzephyr.a(log_core.c.obj)
 .text.atomic_inc
                0x00000000000079d8       0x1a zephyr/libzephyr.a(log_core.c.obj)
 .text.z_log_vprintk
                0x00000000000079f2       0x1c zephyr/libzephyr.a(log_core.c.obj)
                0x00000000000079f2                z_log_vprintk
 .text.z_log_notify_drop
                0x0000000000007a0e        0x6 zephyr/libzephyr.a(log_core.c.obj)
 .text.z_log_get_tag
                0x0000000000007a14        0x4 zephyr/libzephyr.a(log_core.c.obj)
                0x0000000000007a14                z_log_get_tag
 .text.z_cbprintf_cpy
                0x0000000000007a18       0x2c zephyr/libzephyr.a(log_msg.c.obj)
 .text.z_log_msg_finalize
                0x0000000000007a44       0x32 zephyr/libzephyr.a(log_msg.c.obj)
                0x0000000000007a44                z_log_msg_finalize
 .text.buffer_write
                0x0000000000007a76       0x1a zephyr/libzephyr.a(log_output.c.obj)
 .text.cbvprintf
                0x0000000000007a90        0xe zephyr/libzephyr.a(log_output.c.obj)
 .text.log_output_flush
                0x0000000000007a9e       0x1a zephyr/libzephyr.a(log_output.c.obj)
                0x0000000000007a9e                log_output_flush
 .text.out_func
                0x0000000000007ab8       0x36 zephyr/libzephyr.a(log_output.c.obj)
 .text.cr_out_func
                0x0000000000007aee       0x1c zephyr/libzephyr.a(log_output.c.obj)
 .text.abort_function
                0x0000000000007b0a        0x8 zephyr/libzephyr.a(nrf_cc3xx_platform_abort_zephyr.c.obj)
 .text.z_do_kernel_oops
                0x0000000000007b12        0x8 zephyr/arch/arch/arm/core/aarch32/libarch__arm__core__aarch32.a(fatal.c.obj)
                0x0000000000007b12                z_do_kernel_oops
 .text.z_irq_spurious
                0x0000000000007b1a        0x8 zephyr/arch/arch/arm/core/aarch32/libarch__arm__core__aarch32.a(irq_manage.c.obj)
                0x0000000000007b1a                z_irq_spurious
 .text.z_arm_nmi
                0x0000000000007b22        0xe zephyr/arch/arch/arm/core/aarch32/libarch__arm__core__aarch32.a(nmi.c.obj)
                0x0000000000007b22                z_arm_nmi
 .text.z_log_msg_static_create.constprop.0
                0x0000000000007b30        0x6 zephyr/arch/arch/arm/core/aarch32/cortex_m/libarch__arm__core__aarch32__cortex_m.a(fault.c.obj)
 .text.malloc_prepare
                0x0000000000007b36        0x4 zephyr/lib/libc/newlib/liblib__libc__newlib.a(libc-hooks.c.obj)
 .text._stdout_hook_default
                0x0000000000007b3a        0x6 zephyr/lib/libc/newlib/liblib__libc__newlib.a(libc-hooks.c.obj)
 .text.get_status
                0x0000000000007b40       0x12 zephyr/drivers/clock_control/libdrivers__clock_control.a(clock_control_nrf.c.obj)
 .text.set_on_state
                0x0000000000007b52       0x26 zephyr/drivers/clock_control/libdrivers__clock_control.a(clock_control_nrf.c.obj)
 .text.stop     0x0000000000007b78       0x52 zephyr/drivers/clock_control/libdrivers__clock_control.a(clock_control_nrf.c.obj)
 .text.api_stop
                0x0000000000007bca        0x6 zephyr/drivers/clock_control/libdrivers__clock_control.a(clock_control_nrf.c.obj)
 .text.async_start
                0x0000000000007bd0       0x5c zephyr/drivers/clock_control/libdrivers__clock_control.a(clock_control_nrf.c.obj)
 .text.api_start
                0x0000000000007c2c        0xe zephyr/drivers/clock_control/libdrivers__clock_control.a(clock_control_nrf.c.obj)
 .text.onoff_started_callback
                0x0000000000007c3a       0x14 zephyr/drivers/clock_control/libdrivers__clock_control.a(clock_control_nrf.c.obj)
 .text.lfclk_start
                0x0000000000007c4e        0x6 zephyr/drivers/clock_control/libdrivers__clock_control.a(clock_control_nrf.c.obj)
 .text.lfclk_stop
                0x0000000000007c54        0x6 zephyr/drivers/clock_control/libdrivers__clock_control.a(clock_control_nrf.c.obj)
 .text.blocking_start_callback
                0x0000000000007c5a        0x6 zephyr/drivers/clock_control/libdrivers__clock_control.a(clock_control_nrf.c.obj)
 .text.gpio_nrfx_port_get_raw
                0x0000000000007c60        0xe zephyr/drivers/gpio/libdrivers__gpio.a(gpio_nrfx.c.obj)
 .text.gpio_nrfx_port_set_masked_raw
                0x0000000000007c6e       0x18 zephyr/drivers/gpio/libdrivers__gpio.a(gpio_nrfx.c.obj)
 .text.gpio_nrfx_port_set_bits_raw
                0x0000000000007c86        0xc zephyr/drivers/gpio/libdrivers__gpio.a(gpio_nrfx.c.obj)
 .text.gpio_nrfx_port_clear_bits_raw
                0x0000000000007c92        0xc zephyr/drivers/gpio/libdrivers__gpio.a(gpio_nrfx.c.obj)
 .text.gpio_nrfx_port_toggle_bits
                0x0000000000007c9e       0x1a zephyr/drivers/gpio/libdrivers__gpio.a(gpio_nrfx.c.obj)
 .text.gpio_nrfx_manage_callback
                0x0000000000007cb8       0x52 zephyr/drivers/gpio/libdrivers__gpio.a(gpio_nrfx.c.obj)
 .text.pinctrl_lookup_state
                0x0000000000007d0a       0x26 zephyr/drivers/pinctrl/libdrivers__pinctrl.a(common.c.obj)
                0x0000000000007d0a                pinctrl_lookup_state
 .text.uart_nrfx_config_get
                0x0000000000007d30       0x10 zephyr/drivers/serial/libdrivers__serial.a(uart_nrfx_uart.c.obj)
 .text.event_clear
                0x0000000000007d40       0x18 zephyr/drivers/timer/libdrivers__timer.a(nrf_rtc_timer.c.obj)
 .text.sys_clock_cycle_get_32
                0x0000000000007d58        0x8 zephyr/drivers/timer/libdrivers__timer.a(nrf_rtc_timer.c.obj)
                0x0000000000007d58                sys_clock_cycle_get_32
 .text.hw_cc3xx_init_internal
                0x0000000000007d60        0x4 modules/nrf/drivers/hw_cc310/lib..__nrf__drivers__hw_cc310.a(hw_cc310.c.obj)
 .text.hw_cc3xx_init
                0x0000000000007d64       0x12 modules/nrf/drivers/hw_cc310/lib..__nrf__drivers__hw_cc310.a(hw_cc310.c.obj)
 .text.nrfx_isr
                0x0000000000007d76        0x2 modules/hal_nordic/nrfx/libmodules__hal_nordic__nrfx.a(nrfx_glue.c.obj)
                0x0000000000007d76                nrfx_isr
 .text.nrfx_busy_wait
                0x0000000000007d78        0x4 modules/hal_nordic/nrfx/libmodules__hal_nordic__nrfx.a(nrfx_glue.c.obj)
                0x0000000000007d78                nrfx_busy_wait
 .text.nrfx_clock_enable
                0x0000000000007d7c       0x1a modules/hal_nordic/nrfx/libmodules__hal_nordic__nrfx.a(nrfx_clock.c.obj)
                0x0000000000007d7c                nrfx_clock_enable
 .text.nrfx_clock_start
                0x0000000000007d96       0x78 modules/hal_nordic/nrfx/libmodules__hal_nordic__nrfx.a(nrfx_clock.c.obj)
                0x0000000000007d96                nrfx_clock_start
 .text.nrfx_clock_stop
                0x0000000000007e0e        0x4 modules/hal_nordic/nrfx/libmodules__hal_nordic__nrfx.a(nrfx_clock.c.obj)
                0x0000000000007e0e                nrfx_clock_stop
 .text.nrf_gpio_reconfigure
                0x0000000000007e12       0x92 modules/hal_nordic/nrfx/libmodules__hal_nordic__nrfx.a(nrfx_gpiote.c.obj)
 .text.nrf_gpio_cfg_sense_set
                0x0000000000007ea4       0x1e modules/hal_nordic/nrfx/libmodules__hal_nordic__nrfx.a(nrfx_gpiote.c.obj)
 .text.twi_transfer
                0x0000000000007ec2      0x130 modules/hal_nordic/nrfx/libmodules__hal_nordic__nrfx.a(nrfx_twi.c.obj)
 .text.nrf_gpio_pin_set
                0x0000000000007ff2       0x1a modules/hal_nordic/nrfx/libmodules__hal_nordic__nrfx.a(nrfx_twi_twim.c.obj)
 .text._GetAvailWriteSpace
                0x000000000000800c       0x12 modules/segger/libmodules__segger.a(SEGGER_RTT.c.obj)
 .text._WriteNoCheck
                0x000000000000801e       0x3a modules/segger/libmodules__segger.a(SEGGER_RTT.c.obj)
 .text._WriteBlocking
                0x0000000000008058       0x54 modules/segger/libmodules__segger.a(SEGGER_RTT.c.obj)
 .text.SEGGER_RTT_Init
                0x00000000000080ac        0x4 modules/segger/libmodules__segger.a(SEGGER_RTT.c.obj)
                0x00000000000080ac                SEGGER_RTT_Init
 .text.rtt_init
                0x00000000000080b0        0xa modules/segger/libmodules__segger.a(SEGGER_RTT_zephyr.c.obj)
 .text.z_impl_k_busy_wait
                0x00000000000080ba        0x8 zephyr/kernel/libkernel.a(busy_wait.c.obj)
                0x00000000000080ba                z_impl_k_busy_wait
 .text.z_device_state_init
                0x00000000000080c2        0x2 zephyr/kernel/libkernel.a(device.c.obj)
                0x00000000000080c2                z_device_state_init
 .text.z_device_is_ready
                0x00000000000080c4       0x16 zephyr/kernel/libkernel.a(device.c.obj)
                0x00000000000080c4                z_device_is_ready
 .text.z_early_memset
                0x00000000000080da        0x4 zephyr/kernel/libkernel.a(init.c.obj)
                0x00000000000080da                z_early_memset
 .text.z_early_memcpy
                0x00000000000080de        0x4 zephyr/kernel/libkernel.a(init.c.obj)
                0x00000000000080de                z_early_memcpy
 .text.create_free_list
                0x00000000000080e2       0x2c zephyr/kernel/libkernel.a(mem_slab.c.obj)
 .text.k_mem_slab_init
                0x000000000000810e       0x1c zephyr/kernel/libkernel.a(mem_slab.c.obj)
                0x000000000000810e                k_mem_slab_init
 .text.k_mem_slab_free
                0x000000000000812a       0x4c zephyr/kernel/libkernel.a(mem_slab.c.obj)
                0x000000000000812a                k_mem_slab_free
 .text.k_is_in_isr
                0x0000000000008176        0xc zephyr/kernel/libkernel.a(thread.c.obj)
                0x0000000000008176                k_is_in_isr
 .text.z_impl_k_thread_name_set
                0x0000000000008182        0x6 zephyr/kernel/libkernel.a(thread.c.obj)
                0x0000000000008182                z_impl_k_thread_name_set
 .text.k_thread_name_get
                0x0000000000008188        0x4 zephyr/kernel/libkernel.a(thread.c.obj)
                0x0000000000008188                k_thread_name_get
 .text.idle     0x000000000000818c       0x18 zephyr/kernel/libkernel.a(idle.c.obj)
                0x000000000000818c                idle
 .text.adjust_owner_prio.isra.0
                0x00000000000081a4       0x10 zephyr/kernel/libkernel.a(mutex.c.obj)
 .text.z_impl_k_mutex_init
                0x00000000000081b4        0xe zephyr/kernel/libkernel.a(mutex.c.obj)
                0x00000000000081b4                z_impl_k_mutex_init
 .text.z_impl_k_sem_init
                0x00000000000081c2       0x18 zephyr/kernel/libkernel.a(sem.c.obj)
                0x00000000000081c2                z_impl_k_sem_init
 .text.sys_dlist_remove
                0x00000000000081da       0x10 zephyr/kernel/libkernel.a(sched.c.obj)
 .text.unpend_thread_no_timeout
                0x00000000000081ea       0x14 zephyr/kernel/libkernel.a(sched.c.obj)
 .text.add_to_waitq_locked
                0x00000000000081fe       0x50 zephyr/kernel/libkernel.a(sched.c.obj)
 .text.z_ready_thread
                0x000000000000824e       0x20 zephyr/kernel/libkernel.a(sched.c.obj)
                0x000000000000824e                z_ready_thread
 .text.z_unpend_thread_no_timeout
                0x000000000000826e       0x24 zephyr/kernel/libkernel.a(sched.c.obj)
                0x000000000000826e                z_unpend_thread_no_timeout
 .text.z_sched_wake_thread
                0x0000000000008292       0x44 zephyr/kernel/libkernel.a(sched.c.obj)
                0x0000000000008292                z_sched_wake_thread
 .text.z_thread_timeout
                0x00000000000082d6        0x8 zephyr/kernel/libkernel.a(sched.c.obj)
                0x00000000000082d6                z_thread_timeout
 .text.z_unpend1_no_timeout
                0x00000000000082de       0x2e zephyr/kernel/libkernel.a(sched.c.obj)
                0x00000000000082de                z_unpend1_no_timeout
 .text.z_unpend_first_thread
                0x000000000000830c       0x38 zephyr/kernel/libkernel.a(sched.c.obj)
                0x000000000000830c                z_unpend_first_thread
 .text.z_reschedule_irqlock
                0x0000000000008344       0x18 zephyr/kernel/libkernel.a(sched.c.obj)
                0x0000000000008344                z_reschedule_irqlock
 .text.z_reschedule_unlocked
                0x000000000000835c       0x14 zephyr/kernel/libkernel.a(sched.c.obj)
 .text.z_abort_timeout
                0x0000000000008370       0x2c zephyr/kernel/libkernel.a(timeout.c.obj)
                0x0000000000008370                z_abort_timeout
 .text.sys_clock_tick_get_32
                0x000000000000839c        0x8 zephyr/kernel/libkernel.a(timeout.c.obj)
                0x000000000000839c                sys_clock_tick_get_32
 .text.z_impl_k_uptime_ticks
                0x00000000000083a4        0x4 zephyr/kernel/libkernel.a(timeout.c.obj)
                0x00000000000083a4                z_impl_k_uptime_ticks
 .text.k_timer_init
                0x00000000000083a8       0x18 zephyr/kernel/libkernel.a(timer.c.obj)
                0x00000000000083a8                k_timer_init
 .text.z_impl_k_timer_stop
                0x00000000000083c0       0x3a zephyr/kernel/libkernel.a(timer.c.obj)
                0x00000000000083c0                z_impl_k_timer_stop
 .text._OffsetAbsSyms
                0x00000000000083fa        0x2 zephyr/CMakeFiles/offsets.dir/./arch/arm/core/offsets/offsets.c.obj
                0x00000000000083fa                _OffsetAbsSyms
 .text.memcpy   0x00000000000083fc       0x1c /home/abdullah/ncs/toolchains/7795df4459/opt/zephyr-sdk/arm-zephyr-eabi/arm-zephyr-eabi/lib/thumb/v7e-m+fp/hard/libc_nano.a(lib_a-memcpy-stub.o)
                0x00000000000083fc                memcpy
 .text.memset   0x0000000000008418       0x10 /home/abdullah/ncs/toolchains/7795df4459/opt/zephyr-sdk/arm-zephyr-eabi/arm-zephyr-eabi/lib/thumb/v7e-m+fp/hard/libc_nano.a(lib_a-memset.o)
                0x0000000000008418                memset
 .text.strnlen  0x0000000000008428       0x18 /home/abdullah/ncs/toolchains/7795df4459/opt/zephyr-sdk/arm-zephyr-eabi/arm-zephyr-eabi/lib/thumb/v7e-m+fp/hard/libc_nano.a(lib_a-strnlen.o)
                0x0000000000008428                strnlen
 *(SORT_BY_ALIGNMENT(.TEXT.*))
 *(SORT_BY_ALIGNMENT(.gnu.linkonce.t.*))
 *(SORT_BY_ALIGNMENT(.glue_7t))
 .glue_7t       0x0000000000008440        0x0 linker stubs
 *(SORT_BY_ALIGNMENT(.glue_7))
 .glue_7        0x0000000000008440        0x0 linker stubs
 *(SORT_BY_ALIGNMENT(.vfp11_veneer))
 .vfp11_veneer  0x0000000000008440        0x0 linker stubs
 *(SORT_BY_ALIGNMENT(.v4_bx))
 .v4_bx         0x0000000000008440        0x0 linker stubs
                0x0000000000008440                . = ALIGN (0x4)
                0x0000000000008440                __text_region_end = .

.ARM.exidx      0x0000000000008440        0x8
                0x0000000000008440                __exidx_start = .
 *(SORT_BY_ALIGNMENT(.ARM.exidx*) SORT_BY_ALIGNMENT(gnu.linkonce.armexidx.*))
 .ARM.exidx     0x0000000000008440        0x8 /home/abdullah/ncs/toolchains/7795df4459/opt/zephyr-sdk/arm-zephyr-eabi/bin/../lib/gcc/arm-zephyr-eabi/12.2.0/thumb/v7e-m+fp/hard/libgcc.a(_udivmoddi4.o)
                0x0000000000008448                __exidx_end = .
                0x0000000000008448                __rodata_region_start = .

initlevel       0x0000000000008448       0x70
                0x0000000000008448                __init_start = .
                0x0000000000008448                __init_EARLY_start = .
 *(SORT_BY_NAME(SORT_BY_ALIGNMENT(.z_init_EARLY?_*)))
 *(SORT_BY_NAME(SORT_BY_ALIGNMENT(.z_init_EARLY??_*)))
                0x0000000000008448                __init_PRE_KERNEL_1_start = .
 *(SORT_BY_NAME(SORT_BY_ALIGNMENT(.z_init_PRE_KERNEL_1?_*)))
 .z_init_PRE_KERNEL_10_0_
                0x0000000000008448        0x8 zephyr/soc/soc/arm/nordic_nrf/nrf52/libsoc__arm__nordic_nrf__nrf52.a(soc.c.obj)
 *(SORT_BY_NAME(SORT_BY_ALIGNMENT(.z_init_PRE_KERNEL_1??_*)))
 .z_init_PRE_KERNEL_130_00045_
                0x0000000000008450        0x8 zephyr/drivers/clock_control/libdrivers__clock_control.a(clock_control_nrf.c.obj)
 .z_init_PRE_KERNEL_130_0_
                0x0000000000008458        0x8 modules/segger/libmodules__segger.a(SEGGER_RTT_zephyr.c.obj)
 .z_init_PRE_KERNEL_130_0_
                0x0000000000008460        0x8 zephyr/kernel/libkernel.a(mem_slab.c.obj)
 .z_init_PRE_KERNEL_140_00010_
                0x0000000000008468        0x8 zephyr/drivers/gpio/libdrivers__gpio.a(gpio_nrfx.c.obj)
 .z_init_PRE_KERNEL_140_00013_
                0x0000000000008470        0x8 zephyr/drivers/gpio/libdrivers__gpio.a(gpio_nrfx.c.obj)
 .z_init_PRE_KERNEL_140_0_
                0x0000000000008478        0x8 zephyr/drivers/console/libdrivers__console.a(rtt_console.c.obj)
 .z_init_PRE_KERNEL_140_0_
                0x0000000000008480        0x8 modules/nrf/drivers/hw_cc310/lib..__nrf__drivers__hw_cc310.a(hw_cc310.c.obj)
 .z_init_PRE_KERNEL_155_00082_
                0x0000000000008488        0x8 zephyr/drivers/serial/libdrivers__serial.a(uart_nrfx_uart.c.obj)
                0x0000000000008490                __init_PRE_KERNEL_2_start = .
 *(SORT_BY_NAME(SORT_BY_ALIGNMENT(.z_init_PRE_KERNEL_2?_*)))
 .z_init_PRE_KERNEL_20_0_
                0x0000000000008490        0x8 zephyr/drivers/timer/libdrivers__timer.a(nrf_rtc_timer.c.obj)
 *(SORT_BY_NAME(SORT_BY_ALIGNMENT(.z_init_PRE_KERNEL_2??_*)))
                0x0000000000008498                __init_POST_KERNEL_start = .
 *(SORT_BY_NAME(SORT_BY_ALIGNMENT(.z_init_POST_KERNEL?_*)))
 .z_init_POST_KERNEL0_0_
                0x0000000000008498        0x8 zephyr/libzephyr.a(log_core.c.obj)
 *(SORT_BY_NAME(SORT_BY_ALIGNMENT(.z_init_POST_KERNEL??_*)))
 .z_init_POST_KERNEL40_0_
                0x00000000000084a0        0x8 zephyr/lib/libc/newlib/liblib__libc__newlib.a(libc-hooks.c.obj)
 .z_init_POST_KERNEL40_0_
                0x00000000000084a8        0x8 modules/nrf/drivers/hw_cc310/lib..__nrf__drivers__hw_cc310.a(hw_cc310.c.obj)
 .z_init_POST_KERNEL50_00097_
                0x00000000000084b0        0x8 zephyr/drivers/i2c/libdrivers__i2c.a(i2c_nrfx_twi.c.obj)
                0x00000000000084b8                __init_APPLICATION_start = .
 *(SORT_BY_NAME(SORT_BY_ALIGNMENT(.z_init_APPLICATION?_*)))
 *(SORT_BY_NAME(SORT_BY_ALIGNMENT(.z_init_APPLICATION??_*)))
                0x00000000000084b8                __init_SMP_start = .
 *(SORT_BY_NAME(SORT_BY_ALIGNMENT(.z_init_SMP?_*)))
 *(SORT_BY_NAME(SORT_BY_ALIGNMENT(.z_init_SMP??_*)))
                0x00000000000084b8                __init_end = .

device_area     0x00000000000084b8       0x64
                0x00000000000084b8                _device_list_start = .
 *(SORT_BY_NAME(SORT_BY_ALIGNMENT(._device.static.*_?_*)))
 *(SORT_BY_NAME(SORT_BY_ALIGNMENT(._device.static.*_??_*)))
 ._device.static.1_30_
                0x00000000000084b8       0x14 zephyr/drivers/clock_control/libdrivers__clock_control.a(clock_control_nrf.c.obj)
                0x00000000000084b8                __device_dts_ord_45
 ._device.static.1_40_
                0x00000000000084cc       0x28 zephyr/drivers/gpio/libdrivers__gpio.a(gpio_nrfx.c.obj)
                0x00000000000084cc                __device_dts_ord_13
                0x00000000000084e0                __device_dts_ord_10
 ._device.static.1_55_
                0x00000000000084f4       0x14 zephyr/drivers/serial/libdrivers__serial.a(uart_nrfx_uart.c.obj)
                0x00000000000084f4                __device_dts_ord_82
 ._device.static.3_50_
                0x0000000000008508       0x14 zephyr/drivers/i2c/libdrivers__i2c.a(i2c_nrfx_twi.c.obj)
                0x0000000000008508                __device_dts_ord_97
                0x000000000000851c                _device_list_end = .

sw_isr_table    0x000000000000851c      0x180
                0x000000000000851c                . = ALIGN (0x4)
 *(SORT_BY_ALIGNMENT(.gnu.linkonce.sw_isr_table*))
 .gnu.linkonce.sw_isr_table
                0x000000000000851c      0x180 zephyr/CMakeFiles/zephyr_final.dir/isr_tables.c.obj
                0x000000000000851c                _sw_isr_table

initlevel_error
                0x0000000000008448        0x0
 *(SORT_BY_NAME(SORT_BY_ALIGNMENT(.z_init_[_A-Z0-9]*)))
                0x0000000000000001                ASSERT ((SIZEOF (initlevel_error) == 0x0), Undefined initialization levels used.)

app_shmem_regions
                0x000000000000869c        0x0
                0x000000000000869c                __app_shmem_regions_start = .
 *(SORT_BY_NAME(SORT_BY_ALIGNMENT(.app_regions.*)))
                0x000000000000869c                __app_shmem_regions_end = .

k_p4wq_initparam_area
                0x000000000000869c        0x0
                0x000000000000869c                _k_p4wq_initparam_list_start = .
 *(SORT_BY_NAME(SORT_BY_ALIGNMENT(._k_p4wq_initparam.static.*)))
                0x000000000000869c                _k_p4wq_initparam_list_end = .

_static_thread_data_area
                0x000000000000869c        0x0
                0x000000000000869c                __static_thread_data_list_start = .
 *(SORT_BY_NAME(SORT_BY_ALIGNMENT(.__static_thread_data.static.*)))
                0x000000000000869c                __static_thread_data_list_end = .

device_deps     0x000000000000869c        0x0
                0x000000000000869c                __device_deps_start = .
 *(SORT_BY_NAME(SORT_BY_ALIGNMENT(.__device_deps_pass2*)))
                0x000000000000869c                __device_deps_end = .

ztest           0x000000000000869c        0x0
                0x000000000000869c                _ztest_expected_result_entry_list_start = .
 *(SORT_BY_NAME(SORT_BY_ALIGNMENT(._ztest_expected_result_entry.static.*)))
                0x000000000000869c                _ztest_expected_result_entry_list_end = .
                0x000000000000869c                _ztest_suite_node_list_start = .
 *(SORT_BY_NAME(SORT_BY_ALIGNMENT(._ztest_suite_node.static.*)))
                0x000000000000869c                _ztest_suite_node_list_end = .
                0x000000000000869c                _ztest_unit_test_list_start = .
 *(SORT_BY_NAME(SORT_BY_ALIGNMENT(._ztest_unit_test.static.*)))
                0x000000000000869c                _ztest_unit_test_list_end = .
                0x000000000000869c                _ztest_test_rule_list_start = .
 *(SORT_BY_NAME(SORT_BY_ALIGNMENT(._ztest_test_rule.static.*)))
                0x000000000000869c                _ztest_test_rule_list_end = .

bt_l2cap_fixed_chan_area
                0x000000000000869c        0x0
                0x000000000000869c                _bt_l2cap_fixed_chan_list_start = .
 *(SORT_BY_NAME(SORT_BY_ALIGNMENT(._bt_l2cap_fixed_chan.static.*)))
                0x000000000000869c                _bt_l2cap_fixed_chan_list_end = .

bt_gatt_service_static_area
                0x000000000000869c        0x0
                0x000000000000869c                _bt_gatt_service_static_list_start = .
 *(SORT_BY_NAME(SORT_BY_ALIGNMENT(._bt_gatt_service_static.static.*)))
                0x000000000000869c                _bt_gatt_service_static_list_end = .

log_strings_area
                0x000000000000869c        0x0
                0x000000000000869c                _log_strings_list_start = .
 *(SORT_BY_NAME(SORT_BY_ALIGNMENT(._log_strings.static.*)))
                0x000000000000869c                _log_strings_list_end = .

log_const_area  0x000000000000869c       0x78
                0x000000000000869c                _log_const_list_start = .
 *(SORT_BY_NAME(SORT_BY_ALIGNMENT(._log_const.static.*)))
 ._log_const.static.log_const_ENCODER_DRIVER_
                0x000000000000869c        0x8 app/libapp.a(main.c.obj)
                0x000000000000869c                log_const_ENCODER_DRIVER
 ._log_const.static.log_const_NRFX_CLOCK_
                0x00000000000086a4        0x8 modules/hal_nordic/nrfx/libmodules__hal_nordic__nrfx.a(nrfx_clock.c.obj)
                0x00000000000086a4                log_const_NRFX_CLOCK
 ._log_const.static.log_const_NRFX_GPIOTE_
                0x00000000000086ac        0x8 modules/hal_nordic/nrfx/libmodules__hal_nordic__nrfx.a(nrfx_gpiote.c.obj)
                0x00000000000086ac                log_const_NRFX_GPIOTE
 ._log_const.static.log_const_NRFX_TWI_
                0x00000000000086b4        0x8 modules/hal_nordic/nrfx/libmodules__hal_nordic__nrfx.a(nrfx_twi.c.obj)
                0x00000000000086b4                log_const_NRFX_TWI
 ._log_const.static.log_const_RotaryEncoder_
                0x00000000000086bc        0x8 app/libapp.a(rotary_encoder.c.obj)
                0x00000000000086bc                log_const_RotaryEncoder
 ._log_const.static.log_const_cbprintf_package_
                0x00000000000086c4        0x8 zephyr/libzephyr.a(cbprintf_packaged.c.obj)
                0x00000000000086c4                log_const_cbprintf_package
 ._log_const.static.log_const_clock_control_
                0x00000000000086cc        0x8 zephyr/drivers/clock_control/libdrivers__clock_control.a(clock_control_nrf.c.obj)
                0x00000000000086cc                log_const_clock_control
 ._log_const.static.log_const_fatal_error_
                0x00000000000086d4        0x8 modules/nrf/lib/fatal_error/lib..__nrf__lib__fatal_error.a(fatal_error.c.obj)
                0x00000000000086d4                log_const_fatal_error
 ._log_const.static.log_const_i2c_
                0x00000000000086dc        0x8 zephyr/drivers/i2c/libdrivers__i2c.a(i2c_common.c.obj)
                0x00000000000086dc                log_const_i2c
 ._log_const.static.log_const_i2c_nrfx_twi_
                0x00000000000086e4        0x8 zephyr/drivers/i2c/libdrivers__i2c.a(i2c_nrfx_twi.c.obj)
                0x00000000000086e4                log_const_i2c_nrfx_twi
 ._log_const.static.log_const_log_
                0x00000000000086ec        0x8 zephyr/libzephyr.a(log_core.c.obj)
                0x00000000000086ec                log_const_log
 ._log_const.static.log_const_log_mgmt_
                0x00000000000086f4        0x8 zephyr/libzephyr.a(log_mgmt.c.obj)
                0x00000000000086f4                log_const_log_mgmt
 ._log_const.static.log_const_mpu_
                0x00000000000086fc        0x8 zephyr/arch/arch/arm/core/aarch32/mpu/libarch__arm__core__aarch32__mpu.a(arm_core_mpu.c.obj)
                0x00000000000086fc                log_const_mpu
 ._log_const.static.log_const_os_
                0x0000000000008704        0x8 zephyr/kernel/libkernel.a(init.c.obj)
                0x0000000000008704                log_const_os
 ._log_const.static.log_const_soc_
                0x000000000000870c        0x8 zephyr/soc/soc/arm/nordic_nrf/nrf52/libsoc__arm__nordic_nrf__nrf52.a(soc.c.obj)
                0x000000000000870c                log_const_soc
                0x0000000000008714                _log_const_list_end = .

log_backend_area
                0x0000000000008714       0x10
                0x0000000000008714                _log_backend_list_start = .
 *(SORT_BY_NAME(SORT_BY_ALIGNMENT(._log_backend.static.*)))
 ._log_backend.static.log_backend_rtt_
                0x0000000000008714       0x10 zephyr/libzephyr.a(log_backend_rtt.c.obj)
                0x0000000000008724                _log_backend_list_end = .

log_link_area   0x0000000000008724        0x0
                0x0000000000008724                _log_link_list_start = .
 *(SORT_BY_NAME(SORT_BY_ALIGNMENT(._log_link.static.*)))
                0x0000000000008724                _log_link_list_end = .

tracing_backend_area
                0x0000000000008724        0x0
                0x0000000000008724                _tracing_backend_list_start = .
 *(SORT_BY_NAME(SORT_BY_ALIGNMENT(._tracing_backend.static.*)))
                0x0000000000008724                _tracing_backend_list_end = .

zephyr_dbg_info
 *(SORT_BY_ALIGNMENT(.dbg_thread_info))

symbol_to_keep  0x0000000000008724        0x0
                0x0000000000008724                __symbol_to_keep_start = .
 *(SORT_BY_NAME(SORT_BY_ALIGNMENT(.symbol_to_keep*)))
                0x0000000000008724                __symbol_to_keep_end = .

shell_area      0x0000000000008724        0x0
                0x0000000000008724                _shell_list_start = .
 *(SORT_BY_NAME(SORT_BY_ALIGNMENT(._shell.static.*)))
                0x0000000000008724                _shell_list_end = .

shell_root_cmds_area
                0x0000000000008724        0x0
                0x0000000000008724                _shell_root_cmds_list_start = .
 *(SORT_BY_NAME(SORT_BY_ALIGNMENT(._shell_root_cmds.static.*)))
                0x0000000000008724                _shell_root_cmds_list_end = .

shell_subcmds_area
                0x0000000000008724        0x0
                0x0000000000008724                _shell_subcmds_list_start = .
 *(SORT_BY_NAME(SORT_BY_ALIGNMENT(._shell_subcmds.static.*)))
                0x0000000000008724                _shell_subcmds_list_end = .

shell_dynamic_subcmds_area
                0x0000000000008724        0x0
                0x0000000000008724                _shell_dynamic_subcmds_list_start = .
 *(SORT_BY_NAME(SORT_BY_ALIGNMENT(._shell_dynamic_subcmds.static.*)))
                0x0000000000008724                _shell_dynamic_subcmds_list_end = .

cfb_font_area   0x0000000000008724        0x0
                0x0000000000008724                _cfb_font_list_start = .
 *(SORT_BY_NAME(SORT_BY_ALIGNMENT(._cfb_font.static.*)))
                0x0000000000008724                _cfb_font_list_end = .

rodata          0x0000000000008730      0xe5c
 *(SORT_BY_ALIGNMENT(.rodata))
 *(SORT_BY_ALIGNMENT(.rodata.*))
 .rodata.delay_machine_code.0
                0x0000000000008730        0x6 zephyr/soc/soc/arm/nordic_nrf/nrf52/libsoc__arm__nordic_nrf__nrf52.a(soc.c.obj)
 *fill*         0x0000000000008736        0x2 
 .rodata.mpsc_config
                0x0000000000008738       0x14 zephyr/libzephyr.a(log_core.c.obj)
 .rodata.format_table
                0x000000000000874c       0x10 zephyr/libzephyr.a(log_core.c.obj)
 .rodata.colors
                0x000000000000875c       0x14 zephyr/libzephyr.a(log_output.c.obj)
 .rodata.severity
                0x0000000000008770       0x14 zephyr/libzephyr.a(log_output.c.obj)
 .rodata.log_backend_rtt_api
                0x0000000000008784       0x1c zephyr/libzephyr.a(log_backend_rtt.c.obj)
                0x0000000000008784                log_backend_rtt_api
 .rodata.log_output_rtt
                0x00000000000087a0       0x10 zephyr/libzephyr.a(log_backend_rtt.c.obj)
 .rodata.apis   0x00000000000087b0        0x8 zephyr/libzephyr.a(nrf_cc3xx_platform_abort_zephyr.c.obj)
 .rodata.mutexes
                0x00000000000087b8       0x14 zephyr/libzephyr.a(nrf_cc3xx_platform_mutex_zephyr.c.obj)
 .rodata.mutex_apis
                0x00000000000087cc       0x10 zephyr/libzephyr.a(nrf_cc3xx_platform_mutex_zephyr.c.obj)
 .rodata.static_regions
                0x00000000000087dc        0xc zephyr/arch/arch/arm/core/aarch32/mpu/libarch__arm__core__aarch32__mpu.a(arm_core_mpu.c.obj)
 .rodata.mpu_config
                0x00000000000087e8        0x8 zephyr/soc/soc/arm/common/cortex_m/libsoc__arm__common__cortex_m.a(arm_mpu_regions.c.obj)
                0x00000000000087e8                mpu_config
 .rodata.mpu_regions
                0x00000000000087f0       0x18 zephyr/soc/soc/arm/common/cortex_m/libsoc__arm__common__cortex_m.a(arm_mpu_regions.c.obj)
 .rodata.transitions.0
                0x0000000000008808        0xc zephyr/drivers/clock_control/libdrivers__clock_control.a(clock_control_nrf.c.obj)
 .rodata.config
                0x0000000000008814       0x18 zephyr/drivers/clock_control/libdrivers__clock_control.a(clock_control_nrf.c.obj)
 .rodata.clock_control_api
                0x000000000000882c       0x1c zephyr/drivers/clock_control/libdrivers__clock_control.a(clock_control_nrf.c.obj)
 .rodata.gpio_nrfx_p1_cfg
                0x0000000000008848       0x10 zephyr/drivers/gpio/libdrivers__gpio.a(gpio_nrfx.c.obj)
 .rodata.gpio_nrfx_p0_cfg
                0x0000000000008858       0x10 zephyr/drivers/gpio/libdrivers__gpio.a(gpio_nrfx.c.obj)
 .rodata.gpio_nrfx_drv_api_funcs
                0x0000000000008868       0x24 zephyr/drivers/gpio/libdrivers__gpio.a(gpio_nrfx.c.obj)
 .rodata.twi_0z_config
                0x000000000000888c       0x1c zephyr/drivers/i2c/libdrivers__i2c.a(i2c_nrfx_twi.c.obj)
 .rodata.__pinctrl_dev_config__device_dts_ord_97
                0x00000000000088a8        0xc zephyr/drivers/i2c/libdrivers__i2c.a(i2c_nrfx_twi.c.obj)
 .rodata.__pinctrl_states__device_dts_ord_97
                0x00000000000088b4        0x8 zephyr/drivers/i2c/libdrivers__i2c.a(i2c_nrfx_twi.c.obj)
 .rodata.__pinctrl_state_pins_0__device_dts_ord_97
                0x00000000000088bc        0x8 zephyr/drivers/i2c/libdrivers__i2c.a(i2c_nrfx_twi.c.obj)
 .rodata.i2c_nrfx_twi_driver_api
                0x00000000000088c4       0x18 zephyr/drivers/i2c/libdrivers__i2c.a(i2c_nrfx_twi.c.obj)
 .rodata.uart_nrfx_uart0_config
                0x00000000000088dc        0x4 zephyr/drivers/serial/libdrivers__serial.a(uart_nrfx_uart.c.obj)
 .rodata.__pinctrl_dev_config__device_dts_ord_82
                0x00000000000088e0        0xc zephyr/drivers/serial/libdrivers__serial.a(uart_nrfx_uart.c.obj)
 .rodata.__pinctrl_states__device_dts_ord_82
                0x00000000000088ec        0x8 zephyr/drivers/serial/libdrivers__serial.a(uart_nrfx_uart.c.obj)
 .rodata.__pinctrl_state_pins_0__device_dts_ord_82
                0x00000000000088f4        0x8 zephyr/drivers/serial/libdrivers__serial.a(uart_nrfx_uart.c.obj)
 .rodata.uart_nrfx_uart_driver_api
                0x00000000000088fc       0x14 zephyr/drivers/serial/libdrivers__serial.a(uart_nrfx_uart.c.obj)
 .rodata._k_neg_eagain
                0x0000000000008910        0x4 zephyr/kernel/libkernel.a(errno.c.obj)
                0x0000000000008910                _k_neg_eagain
 .rodata.CSWTCH.487
                0x0000000000008914       0x14 zephyr/kernel/libkernel.a(fatal.c.obj)
 .rodata.levels.0
                0x0000000000008928       0x18 zephyr/kernel/libkernel.a(init.c.obj)
 .rodata.CSWTCH.10
                0x0000000000008940       0x1c /home/abdullah/ncs/v2.5.0/nrfxlib/crypto/nrf_cc310_platform/lib/cortex-m4/hard-float/no-interrupts/libnrf_cc310_platform_0.9.18.a(nrf_cc3xx_platform.c.obj)
 .rodata.mutex_free.str1.4
                0x000000000000895c       0x26 /home/abdullah/ncs/v2.5.0/nrfxlib/crypto/nrf_cc310_platform/lib/cortex-m4/hard-float/no-interrupts/libnrf_cc310_platform_0.9.18.a(nrf_cc3xx_platform_mutex.c.obj)
 *fill*         0x0000000000008982        0x2 
 .rodata.mutex_init.str1.4
                0x0000000000008984       0x23 /home/abdullah/ncs/v2.5.0/nrfxlib/crypto/nrf_cc310_platform/lib/cortex-m4/hard-float/no-interrupts/libnrf_cc310_platform_0.9.18.a(nrf_cc3xx_platform_mutex.c.obj)
 *fill*         0x00000000000089a7        0x1 
 .rodata.CC_PalPowerSaveModeInit.str1.4
                0x00000000000089a8       0x20 /home/abdullah/ncs/v2.5.0/nrfxlib/crypto/nrf_cc310_platform/lib/cortex-m4/hard-float/no-interrupts/libnrf_cc310_platform_0.9.18.a(cc_pal_pm.c.obj)
 .rodata.main.str1.1
                0x00000000000089c8       0xab app/libapp.a(main.c.obj)
 .rodata.str1.1
                0x0000000000008a73        0xf app/libapp.a(main.c.obj)
 .rodata.rot_encoder_init.str1.1
                0x0000000000008a82       0x8e app/libapp.a(rotary_encoder.c.obj)
 .rodata.enable_encoder_interrupt.str1.1
                0x0000000000008b10       0x34 app/libapp.a(rotary_encoder.c.obj)
 .rodata.enable_button_interrupts.str1.1
                0x0000000000008b44       0x24 app/libapp.a(rotary_encoder.c.obj)
 .rodata.str1.1
                0x0000000000008b68        0xe app/libapp.a(rotary_encoder.c.obj)
 .rodata.cbprintf_package_convert.str1.1
                0x0000000000008b76       0xa3 zephyr/libzephyr.a(cbprintf_packaged.c.obj)
 .rodata.str1.1
                0x0000000000008c19       0x11 zephyr/libzephyr.a(cbprintf_packaged.c.obj)
 .rodata.z_cbvprintf_impl.str1.1
                0x0000000000008c2a        0x6 zephyr/libzephyr.a(cbprintf_complete.c.obj)
 .rodata.sys_reboot.str1.1
                0x0000000000008c30       0x29 zephyr/libzephyr.a(reboot.c.obj)
 .rodata.enable_logger.str1.1
                0x0000000000008c59        0x8 zephyr/libzephyr.a(log_core.c.obj)
 .rodata.str1.1
                0x0000000000008c61        0x4 zephyr/libzephyr.a(log_core.c.obj)
 .rodata.str1.1
                0x0000000000008c65        0x9 zephyr/libzephyr.a(log_mgmt.c.obj)
 .rodata.z_impl_z_log_msg_static_create.str1.1
                0x0000000000008c6e       0x3f zephyr/libzephyr.a(log_msg.c.obj)
 .rodata.newline_print.str1.1
                0x0000000000008cad        0x3 zephyr/libzephyr.a(log_output.c.obj)
                                          0x5 (size before relaxing)
 .rodata.log_output_process.str1.1
                0x0000000000008cb0       0x4c zephyr/libzephyr.a(log_output.c.obj)
                                         0x51 (size before relaxing)
 .rodata.log_output_dropped_process.str1.1
                0x0000000000008cfc       0x4c zephyr/libzephyr.a(log_output.c.obj)
                                          0x3 (size before relaxing)
 .rodata.postfix.0
                0x0000000000008cfc       0x1c zephyr/libzephyr.a(log_output.c.obj)
 .rodata.prefix.1
                0x0000000000008d18        0xc zephyr/libzephyr.a(log_output.c.obj)
 .rodata.str1.1
                0x0000000000008d24       0x20 zephyr/libzephyr.a(log_output.c.obj)
 .rodata.str1.1
                0x0000000000008d44       0x10 zephyr/libzephyr.a(log_backend_rtt.c.obj)
 .rodata.mutex_free_platform.str1.1
                0x0000000000008d54       0x26 zephyr/libzephyr.a(nrf_cc3xx_platform_mutex_zephyr.c.obj)
 .rodata.mutex_init_platform.str1.1
                0x0000000000008d7a       0x2d zephyr/libzephyr.a(nrf_cc3xx_platform_mutex_zephyr.c.obj)
 .rodata.z_arm_fatal_error.str1.1